error: usage of `clippy_utils::is_item()` with a path to a diagnostic item
  --> $DIR/is_item_def_path.rs:28:13
   |
LL |     let _ = is_item(cx, ty, &OPTION);
   |             ^^^^^^^^^^^^^^^^-------^
   |                             |
   |                             help: try: `sym::option_type`
   |
note: the lint level is defined here
  --> $DIR/is_item_def_path.rs:3:9
   |
LL | #![deny(clippy::internal)]
   |         ^^^^^^^^^^^^^^^^
   = note: `#[deny(clippy::is_item_def_path_on_diagnostic_or_lang_item)]` implied by `#[deny(clippy::internal)]`

error: usage of `clippy_utils::is_item()` with a path to a diagnostic item
  --> $DIR/is_item_def_path.rs:29:13
   |
LL |     let _ = is_item(cx, ty, RESULT);
   |             ^^^^^^^^^^^^^^^^------^
   |                             |
   |                             help: try: `sym::result_type`

error: usage of `clippy_utils::is_item()` with a path to a diagnostic item
  --> $DIR/is_item_def_path.rs:30:13
   |
LL |     let _ = is_item(cx, ty, &["core", "result", "Result"]);
   |             ^^^^^^^^^^^^^^^^-----------------------------^
   |                             |
   |                             help: try: `sym::result_type`

error: usage of `clippy_utils::is_item()` with a path to a diagnostic item
  --> $DIR/is_item_def_path.rs:34:13
   |
LL |     let _ = clippy_utils::is_item(cx, ty, rc_path);
   |             ^^^^^^^^^^^^^^^^^^^^^^^^^^^^^^-------^
   |                                           |
   |                                           help: try: `sym::Rc`

error: usage of `clippy_utils::is_item()` with a path to a diagnostic item
  --> $DIR/is_item_def_path.rs:36:13
   |
LL |     let _ = is_item(cx, ty, &paths::OPTION);
   |             ^^^^^^^^^^^^^^^^--------------^
   |                             |
   |                             help: try: `sym::option_type`

error: usage of `clippy_utils::is_item()` with a path to a diagnostic item
  --> $DIR/is_item_def_path.rs:37:13
   |
LL |     let _ = is_item(cx, ty, paths::RESULT);
   |             ^^^^^^^^^^^^^^^^-------------^
   |                             |
   |                             help: try: `sym::result_type`

error: usage of `clippy_utils::is_item()` with a path to a lang item
  --> $DIR/is_item_def_path.rs:39:13
   |
LL |     let _ = is_item(cx, ty, &["alloc", "boxed", "Box"]);
   |             ^^^^^^^^^^^^^^^^--------------------------^
   |                             |
   |                             help: try: `LangItem::OwnedBox`

error: usage of `clippy_utils::is_item()` with a path to a diagnostic item
  --> $DIR/is_item_def_path.rs:40:13
   |
LL |     let _ = is_item(cx, ty, &["core", "mem", "maybe_uninit", "MaybeUninit", "uninit"]);
   |             ^^^^^^^^^^^^^^^^---------------------------------------------------------^
   |                             |
   |                             help: try: `sym::maybe_uninit_uninit`

error: aborting due to 8 previous errors

