error: this if-then-else expression returns a bool literal
  --> $DIR/needless_bool/fixable.rs:42:5
   |
LL | /     if x {
LL | |         true
LL | |     } else {
LL | |         false
LL | |     };
   | |_____^ help: you can reduce it to: `x`
   |
   = note: `-D clippy::needless-bool` implied by `-D warnings`
   = help: to override `-D warnings` add `#[allow(clippy::needless_bool)]`

error: this if-then-else expression returns a bool literal
  --> $DIR/needless_bool/fixable.rs:48:5
   |
LL | /     if x {
LL | |         false
LL | |     } else {
LL | |         true
LL | |     };
   | |_____^ help: you can reduce it to: `!x`

error: this if-then-else expression returns a bool literal
  --> $DIR/needless_bool/fixable.rs:54:5
   |
LL | /     if x && y {
LL | |         false
LL | |     } else {
LL | |         true
LL | |     };
   | |_____^ help: you can reduce it to: `!(x && y)`

error: this if-then-else expression returns a bool literal
  --> $DIR/needless_bool/fixable.rs:63:5
   |
LL | /     if a == b {
LL | |         false
LL | |     } else {
LL | |         true
LL | |     };
   | |_____^ help: you can reduce it to: `a != b`

error: this if-then-else expression returns a bool literal
  --> $DIR/needless_bool/fixable.rs:69:5
   |
LL | /     if a != b {
LL | |         false
LL | |     } else {
LL | |         true
LL | |     };
   | |_____^ help: you can reduce it to: `a == b`

error: this if-then-else expression returns a bool literal
  --> $DIR/needless_bool/fixable.rs:75:5
   |
LL | /     if a < b {
LL | |         false
LL | |     } else {
LL | |         true
LL | |     };
   | |_____^ help: you can reduce it to: `a >= b`

error: this if-then-else expression returns a bool literal
  --> $DIR/needless_bool/fixable.rs:81:5
   |
LL | /     if a <= b {
LL | |         false
LL | |     } else {
LL | |         true
LL | |     };
   | |_____^ help: you can reduce it to: `a > b`

error: this if-then-else expression returns a bool literal
  --> $DIR/needless_bool/fixable.rs:87:5
   |
LL | /     if a > b {
LL | |         false
LL | |     } else {
LL | |         true
LL | |     };
   | |_____^ help: you can reduce it to: `a <= b`

error: this if-then-else expression returns a bool literal
  --> $DIR/needless_bool/fixable.rs:93:5
   |
LL | /     if a >= b {
LL | |         false
LL | |     } else {
LL | |         true
LL | |     };
   | |_____^ help: you can reduce it to: `a < b`

error: this if-then-else expression returns a bool literal
  --> $DIR/needless_bool/fixable.rs:122:5
   |
LL | /     if x {
LL | |         return true;
LL | |     } else {
LL | |         return false;
LL | |     };
   | |_____^ help: you can reduce it to: `return x`

error: this if-then-else expression returns a bool literal
  --> $DIR/needless_bool/fixable.rs:131:5
   |
LL | /     if x {
LL | |         return false;
LL | |     } else {
LL | |         return true;
LL | |     };
   | |_____^ help: you can reduce it to: `return !x`

error: this if-then-else expression returns a bool literal
  --> $DIR/needless_bool/fixable.rs:140:5
   |
LL | /     if x && y {
LL | |         return true;
LL | |     } else {
LL | |         return false;
LL | |     };
   | |_____^ help: you can reduce it to: `return x && y`

error: this if-then-else expression returns a bool literal
  --> $DIR/needless_bool/fixable.rs:149:5
   |
LL | /     if x && y {
LL | |         return false;
LL | |     } else {
LL | |         return true;
LL | |     };
   | |_____^ help: you can reduce it to: `return !(x && y)`

error: equality checks against true are unnecessary
  --> $DIR/needless_bool/fixable.rs:157:8
   |
LL |     if x == true {};
   |        ^^^^^^^^^ help: try simplifying it as shown: `x`
   |
   = note: `-D clippy::bool-comparison` implied by `-D warnings`
   = help: to override `-D warnings` add `#[allow(clippy::bool_comparison)]`

error: equality checks against false can be replaced by a negation
  --> $DIR/needless_bool/fixable.rs:161:8
   |
LL |     if x == false {};
   |        ^^^^^^^^^^ help: try simplifying it as shown: `!x`

error: equality checks against true are unnecessary
  --> $DIR/needless_bool/fixable.rs:171:8
   |
LL |     if x == true {};
   |        ^^^^^^^^^ help: try simplifying it as shown: `x`

error: equality checks against false can be replaced by a negation
  --> $DIR/needless_bool/fixable.rs:172:8
   |
LL |     if x == false {};
   |        ^^^^^^^^^^ help: try simplifying it as shown: `!x`

error: this if-then-else expression returns a bool literal
  --> $DIR/needless_bool/fixable.rs:182:12
   |
LL |       } else if returns_bool() {
   |  ____________^
LL | |         false
LL | |     } else {
LL | |         true
LL | |     };
   | |_____^ help: you can reduce it to: `{ !returns_bool() }`

error: this if-then-else expression returns a bool literal
  --> $DIR/needless_bool/fixable.rs:196:5
   |
LL | /     if unsafe { no(4) } & 1 != 0 {
LL | |         true
LL | |     } else {
LL | |         false
LL | |     };
   | |_____^ help: you can reduce it to: `(unsafe { no(4) } & 1 != 0)`

error: this if-then-else expression returns a bool literal
  --> $DIR/needless_bool/fixable.rs:201:30
   |
LL |     let _brackets_unneeded = if unsafe { no(4) } & 1 != 0 { true } else { false };
   |                              ^^^^^^^^^^^^^^^^^^^^^^^^^^^^^^^^^^^^^^^^^^^^^^^^^^^^ help: you can reduce it to: `unsafe { no(4) } & 1 != 0`

error: this if-then-else expression returns a bool literal
  --> $DIR/needless_bool/fixable.rs:205:9
   |
LL |         if unsafe { no(4) } & 1 != 0 { true } else { false }
   |         ^^^^^^^^^^^^^^^^^^^^^^^^^^^^^^^^^^^^^^^^^^^^^^^^^^^^ help: you can reduce it to: `(unsafe { no(4) } & 1 != 0)`

error: aborting due to 21 previous errors

