error: holding a disallowed type across an await point
  --> tests/ui-toml/await_holding_invalid_type/await_holding_invalid_type.rs:5:9
   |
LL |     let _x = String::from("hello");
   |         ^^
   |
   = note: strings are bad
note: disallowed due to config
  --> $DIR/tests/ui-toml/await_holding_invalid_type/clippy.toml:2:14
   |
LL |     { path = "std::string::String", reason = "strings are bad" },
   |              ^^^^^^^^^^^^^^^^^^^^^
   = note: `-D clippy::await-holding-invalid-type` implied by `-D warnings`
   = help: to override `-D warnings` add `#[allow(clippy::await_holding_invalid_type)]`

error: holding a disallowed type across an await point
  --> tests/ui-toml/await_holding_invalid_type/await_holding_invalid_type.rs:11:9
   |
LL |     let x = Ipv4Addr::new(127, 0, 0, 1);
   |         ^
   |
note: disallowed due to config
  --> $DIR/tests/ui-toml/await_holding_invalid_type/clippy.toml:3:5
   |
LL |     "std::net::Ipv4Addr",
   |     ^^^^^^^^^^^^^^^^^^^^

error: holding a disallowed type across an await point
  --> tests/ui-toml/await_holding_invalid_type/await_holding_invalid_type.rs:35:13
   |
LL |         let _x = String::from("hi!");
   |             ^^
   |
   = note: strings are bad

error: aborting due to 3 previous errors

