error: item in documentation is missing backticks
  --> $DIR/doc/doc-fixable.rs:11:9
   |
LL | /// The foo_bar function does _nothing_. See also foo::bar. (note the dot there)
   |         ^^^^^^^
   |
   = note: `-D clippy::doc-markdown` implied by `-D warnings`
   = help: to override `-D warnings` add `#[allow(clippy::doc_markdown)]`
help: try
   |
LL | /// The `foo_bar` function does _nothing_. See also foo::bar. (note the dot there)
   |         ~~~~~~~~~

error: item in documentation is missing backticks
  --> $DIR/doc/doc-fixable.rs:11:51
   |
LL | /// The foo_bar function does _nothing_. See also foo::bar. (note the dot there)
   |                                                   ^^^^^^^^
   |
help: try
   |
LL | /// The foo_bar function does _nothing_. See also `foo::bar`. (note the dot there)
   |                                                   ~~~~~~~~~~

error: item in documentation is missing backticks
  --> $DIR/doc/doc-fixable.rs:13:83
   |
LL | /// Markdown is _weird_. I mean _really weird_. This \_ is ok. So is `_`. But not Foo::some_fun
   |                                                                                   ^^^^^^^^^^^^^
   |
help: try
   |
LL | /// Markdown is _weird_. I mean _really weird_. This \_ is ok. So is `_`. But not `Foo::some_fun`
   |                                                                                   ~~~~~~~~~~~~~~~

error: item in documentation is missing backticks
  --> $DIR/doc/doc-fixable.rs:17:13
   |
LL | /// Here be ::a::global:path, and _::another::global::path_.  :: is not a path though.
   |             ^^^^^^^^^^^^^^^^
   |
help: try
   |
LL | /// Here be `::a::global:path`, and _::another::global::path_.  :: is not a path though.
   |             ~~~~~~~~~~~~~~~~~~

error: item in documentation is missing backticks
  --> $DIR/doc/doc-fixable.rs:17:36
   |
LL | /// Here be ::a::global:path, and _::another::global::path_.  :: is not a path though.
   |                                    ^^^^^^^^^^^^^^^^^^^^^^^
   |
help: try
   |
LL | /// Here be ::a::global:path, and _`::another::global::path`_.  :: is not a path though.
   |                                    ~~~~~~~~~~~~~~~~~~~~~~~~~

error: item in documentation is missing backticks
  --> $DIR/doc/doc-fixable.rs:19:25
   |
LL | /// Import an item from ::awesome::global::blob:: (Intended postfix)
   |                         ^^^^^^^^^^^^^^^^^^^^^^^^^
   |
help: try
   |
LL | /// Import an item from `::awesome::global::blob::` (Intended postfix)
   |                         ~~~~~~~~~~~~~~~~~~~~~~~~~~~

error: item in documentation is missing backticks
  --> $DIR/doc/doc-fixable.rs:21:31
   |
LL | /// These are the options for ::Cat: (Intended trailing single colon, shouldn't be linted)
   |                               ^^^^^
   |
help: try
   |
LL | /// These are the options for `::Cat`: (Intended trailing single colon, shouldn't be linted)
   |                               ~~~~~~~

error: item in documentation is missing backticks
  --> $DIR/doc/doc-fixable.rs:23:22
   |
LL | /// That's not code ~NotInCodeBlock~.
   |                      ^^^^^^^^^^^^^^
   |
help: try
   |
LL | /// That's not code ~`NotInCodeBlock`~.
   |                      ~~~~~~~~~~~~~~~~

error: item in documentation is missing backticks
  --> $DIR/doc/doc-fixable.rs:25:5
   |
LL | /// be_sure_we_got_to_the_end_of_it
   |     ^^^^^^^^^^^^^^^^^^^^^^^^^^^^^^^
   |
help: try
   |
LL | /// `be_sure_we_got_to_the_end_of_it`
   |     ~~~~~~~~~~~~~~~~~~~~~~~~~~~~~~~~~

error: item in documentation is missing backticks
  --> $DIR/doc/doc-fixable.rs:40:5
   |
LL | /// be_sure_we_got_to_the_end_of_it
   |     ^^^^^^^^^^^^^^^^^^^^^^^^^^^^^^^
   |
help: try
   |
LL | /// `be_sure_we_got_to_the_end_of_it`
   |     ~~~~~~~~~~~~~~~~~~~~~~~~~~~~~~~~~

error: item in documentation is missing backticks
  --> $DIR/doc/doc-fixable.rs:48:5
   |
LL | /// be_sure_we_got_to_the_end_of_it
   |     ^^^^^^^^^^^^^^^^^^^^^^^^^^^^^^^
   |
help: try
   |
LL | /// `be_sure_we_got_to_the_end_of_it`
   |     ~~~~~~~~~~~~~~~~~~~~~~~~~~~~~~~~~

error: item in documentation is missing backticks
  --> $DIR/doc/doc-fixable.rs:63:5
   |
LL | /// be_sure_we_got_to_the_end_of_it
   |     ^^^^^^^^^^^^^^^^^^^^^^^^^^^^^^^
   |
help: try
   |
LL | /// `be_sure_we_got_to_the_end_of_it`
   |     ~~~~~~~~~~~~~~~~~~~~~~~~~~~~~~~~~

error: item in documentation is missing backticks
  --> $DIR/doc/doc-fixable.rs:88:5
   |
LL | /// be_sure_we_got_to_the_end_of_it
   |     ^^^^^^^^^^^^^^^^^^^^^^^^^^^^^^^
   |
help: try
   |
LL | /// `be_sure_we_got_to_the_end_of_it`
   |     ~~~~~~~~~~~~~~~~~~~~~~~~~~~~~~~~~

error: item in documentation is missing backticks
  --> $DIR/doc/doc-fixable.rs:106:5
   |
LL | /// be_sure_we_got_to_the_end_of_it
   |     ^^^^^^^^^^^^^^^^^^^^^^^^^^^^^^^
   |
help: try
   |
LL | /// `be_sure_we_got_to_the_end_of_it`
   |     ~~~~~~~~~~~~~~~~~~~~~~~~~~~~~~~~~

error: item in documentation is missing backticks
  --> $DIR/doc/doc-fixable.rs:115:8
   |
LL | /// ## CamelCaseThing
   |        ^^^^^^^^^^^^^^
   |
help: try
   |
LL | /// ## `CamelCaseThing`
   |        ~~~~~~~~~~~~~~~~

error: item in documentation is missing backticks
  --> $DIR/doc/doc-fixable.rs:119:7
   |
LL | /// # CamelCaseThing
   |       ^^^^^^^^^^^^^^
   |
help: try
   |
LL | /// # `CamelCaseThing`
   |       ~~~~~~~~~~~~~~~~

error: item in documentation is missing backticks
  --> $DIR/doc/doc-fixable.rs:122:22
   |
LL | /// Not a title #897 CamelCaseThing
   |                      ^^^^^^^^^^^^^^
   |
help: try
   |
LL | /// Not a title #897 `CamelCaseThing`
   |                      ~~~~~~~~~~~~~~~~

error: item in documentation is missing backticks
  --> $DIR/doc/doc-fixable.rs:124:5
   |
LL | /// be_sure_we_got_to_the_end_of_it
   |     ^^^^^^^^^^^^^^^^^^^^^^^^^^^^^^^
   |
help: try
   |
LL | /// `be_sure_we_got_to_the_end_of_it`
   |     ~~~~~~~~~~~~~~~~~~~~~~~~~~~~~~~~~

error: item in documentation is missing backticks
  --> $DIR/doc/doc-fixable.rs:132:5
   |
LL | /// be_sure_we_got_to_the_end_of_it
   |     ^^^^^^^^^^^^^^^^^^^^^^^^^^^^^^^
   |
help: try
   |
LL | /// `be_sure_we_got_to_the_end_of_it`
   |     ~~~~~~~~~~~~~~~~~~~~~~~~~~~~~~~~~

error: item in documentation is missing backticks
  --> $DIR/doc/doc-fixable.rs:146:5
   |
LL | /// be_sure_we_got_to_the_end_of_it
   |     ^^^^^^^^^^^^^^^^^^^^^^^^^^^^^^^
   |
help: try
   |
LL | /// `be_sure_we_got_to_the_end_of_it`
   |     ~~~~~~~~~~~~~~~~~~~~~~~~~~~~~~~~~

error: item in documentation is missing backticks
  --> $DIR/doc/doc-fixable.rs:160:43
   |
LL | /** E.g., serialization of an empty list: FooBar
   |                                           ^^^^^^
   |
help: try
   |
LL | /** E.g., serialization of an empty list: `FooBar`
   |                                           ~~~~~~~~

error: item in documentation is missing backticks
  --> $DIR/doc/doc-fixable.rs:165:5
   |
LL | And BarQuz too.
   |     ^^^^^^
   |
help: try
   |
LL | And `BarQuz` too.
   |     ~~~~~~~~

error: item in documentation is missing backticks
  --> $DIR/doc/doc-fixable.rs:167:1
   |
LL | be_sure_we_got_to_the_end_of_it
   | ^^^^^^^^^^^^^^^^^^^^^^^^^^^^^^^
   |
help: try
   |
LL | `be_sure_we_got_to_the_end_of_it`
   |

error: item in documentation is missing backticks
  --> $DIR/doc/doc-fixable.rs:175:43
   |
LL | /** E.g., serialization of an empty list: FooBar
   |                                           ^^^^^^
   |
help: try
   |
LL | /** E.g., serialization of an empty list: `FooBar`
   |                                           ~~~~~~~~

error: item in documentation is missing backticks
  --> $DIR/doc/doc-fixable.rs:180:5
   |
LL | And BarQuz too.
   |     ^^^^^^
   |
help: try
   |
LL | And `BarQuz` too.
   |     ~~~~~~~~

error: item in documentation is missing backticks
  --> $DIR/doc/doc-fixable.rs:182:1
   |
LL | be_sure_we_got_to_the_end_of_it
   | ^^^^^^^^^^^^^^^^^^^^^^^^^^^^^^^
   |
help: try
   |
LL | `be_sure_we_got_to_the_end_of_it`
   |

error: item in documentation is missing backticks
  --> $DIR/doc/doc-fixable.rs:194:5
   |
LL | /// be_sure_we_got_to_the_end_of_it
   |     ^^^^^^^^^^^^^^^^^^^^^^^^^^^^^^^
   |
help: try
   |
LL | /// `be_sure_we_got_to_the_end_of_it`
   |     ~~~~~~~~~~~~~~~~~~~~~~~~~~~~~~~~~

error: item in documentation is missing backticks
  --> $DIR/doc/doc-fixable.rs:214:22
   |
LL | /// An iterator over mycrate::Collection's values.
   |                      ^^^^^^^^^^^^^^^^^^^
   |
help: try
   |
LL | /// An iterator over `mycrate::Collection`'s values.
   |                      ~~~~~~~~~~~~~~~~~~~~~

error: item in documentation is missing backticks
  --> $DIR/doc/doc-fixable.rs:239:34
   |
LL | /// Foo \[bar\] \[baz\] \[qux\]. DocMarkdownLint
   |                                  ^^^^^^^^^^^^^^^
   |
help: try
   |
LL | /// Foo \[bar\] \[baz\] \[qux\]. `DocMarkdownLint`
   |                                  ~~~~~~~~~~~~~~~~~

error: item in documentation is missing backticks
  --> $DIR/doc/doc-fixable.rs:264:22
   |
LL | /// There is no try (do() or do_not()).
   |                      ^^^^
   |
help: try
   |
LL | /// There is no try (`do()` or do_not()).
   |                      ~~~~~~

error: item in documentation is missing backticks
  --> $DIR/doc/doc-fixable.rs:264:30
   |
LL | /// There is no try (do() or do_not()).
   |                              ^^^^^^^^
   |
help: try
   |
LL | /// There is no try (do() or `do_not()`).
   |                              ~~~~~~~~~~

error: aborting due to 31 previous errors

