error: equality checks against true are unnecessary
  --> $DIR/bool_comparison.rs:8:8
   |
LL |     if x == true {
   |        ^^^^^^^^^ help: try simplifying it as shown: `x`
   |
   = note: `-D clippy::bool-comparison` implied by `-D warnings`
   = help: to override `-D warnings` add `#[allow(clippy::bool_comparison)]`

error: equality checks against false can be replaced by a negation
  --> $DIR/bool_comparison.rs:14:8
   |
LL |     if x == false {
   |        ^^^^^^^^^^ help: try simplifying it as shown: `!x`

error: equality checks against true are unnecessary
  --> $DIR/bool_comparison.rs:20:8
   |
LL |     if true == x {
   |        ^^^^^^^^^ help: try simplifying it as shown: `x`

error: equality checks against false can be replaced by a negation
  --> $DIR/bool_comparison.rs:26:8
   |
LL |     if false == x {
   |        ^^^^^^^^^^ help: try simplifying it as shown: `!x`

error: inequality checks against true can be replaced by a negation
  --> $DIR/bool_comparison.rs:32:8
   |
LL |     if x != true {
   |        ^^^^^^^^^ help: try simplifying it as shown: `!x`

error: inequality checks against false are unnecessary
  --> $DIR/bool_comparison.rs:38:8
   |
LL |     if x != false {
   |        ^^^^^^^^^^ help: try simplifying it as shown: `x`

error: inequality checks against true can be replaced by a negation
  --> $DIR/bool_comparison.rs:44:8
   |
LL |     if true != x {
   |        ^^^^^^^^^ help: try simplifying it as shown: `!x`

error: inequality checks against false are unnecessary
  --> $DIR/bool_comparison.rs:50:8
   |
LL |     if false != x {
   |        ^^^^^^^^^^ help: try simplifying it as shown: `x`

error: less than comparison against true can be replaced by a negation
  --> $DIR/bool_comparison.rs:56:8
   |
LL |     if x < true {
   |        ^^^^^^^^ help: try simplifying it as shown: `!x`

error: greater than checks against false are unnecessary
  --> $DIR/bool_comparison.rs:62:8
   |
LL |     if false < x {
   |        ^^^^^^^^^ help: try simplifying it as shown: `x`

error: greater than checks against false are unnecessary
  --> $DIR/bool_comparison.rs:68:8
   |
LL |     if x > false {
   |        ^^^^^^^^^ help: try simplifying it as shown: `x`

error: less than comparison against true can be replaced by a negation
  --> $DIR/bool_comparison.rs:74:8
   |
LL |     if true > x {
   |        ^^^^^^^^ help: try simplifying it as shown: `!x`

error: order comparisons between booleans can be simplified
  --> $DIR/bool_comparison.rs:81:8
   |
LL |     if x < y {
   |        ^^^^^ help: try simplifying it as shown: `!x & y`

error: order comparisons between booleans can be simplified
  --> $DIR/bool_comparison.rs:87:8
   |
LL |     if x > y {
   |        ^^^^^ help: try simplifying it as shown: `x & !y`

error: this comparison might be written more concisely
  --> $DIR/bool_comparison.rs:135:8
   |
LL |     if a == !b {};
   |        ^^^^^^^ help: try simplifying it as shown: `a != b`

error: this comparison might be written more concisely
  --> $DIR/bool_comparison.rs:136:8
   |
LL |     if !a == b {};
   |        ^^^^^^^ help: try simplifying it as shown: `a != b`

error: this comparison might be written more concisely
  --> $DIR/bool_comparison.rs:140:8
   |
LL |     if b == !a {};
   |        ^^^^^^^ help: try simplifying it as shown: `b != a`

error: this comparison might be written more concisely
  --> $DIR/bool_comparison.rs:141:8
   |
LL |     if !b == a {};
   |        ^^^^^^^ help: try simplifying it as shown: `b != a`

error: equality checks against false can be replaced by a negation
  --> $DIR/bool_comparison.rs:165:8
   |
LL |     if false == m!(func) {}
   |        ^^^^^^^^^^^^^^^^^ help: try simplifying it as shown: `!m!(func)`

error: equality checks against false can be replaced by a negation
  --> $DIR/bool_comparison.rs:166:8
   |
LL |     if m!(func) == false {}
   |        ^^^^^^^^^^^^^^^^^ help: try simplifying it as shown: `!m!(func)`

error: equality checks against true are unnecessary
  --> $DIR/bool_comparison.rs:167:8
   |
LL |     if true == m!(func) {}
   |        ^^^^^^^^^^^^^^^^ help: try simplifying it as shown: `m!(func)`

error: equality checks against true are unnecessary
  --> $DIR/bool_comparison.rs:168:8
   |
LL |     if m!(func) == true {}
   |        ^^^^^^^^^^^^^^^^ help: try simplifying it as shown: `m!(func)`

error: equality checks against false can be replaced by a negation
  --> $DIR/bool_comparison.rs:185:14
   |
LL |     let _ = ((1 < 2) == false) as usize;
   |              ^^^^^^^^^^^^^^^^ help: try simplifying it as shown: `1 >= 2`

error: equality checks against false can be replaced by a negation
  --> $DIR/bool_comparison.rs:186:14
   |
LL |     let _ = (false == m!(func)) as usize;
   |              ^^^^^^^^^^^^^^^^^ help: try simplifying it as shown: `!m!(func)`

error: this comparison might be written more concisely
  --> $DIR/bool_comparison.rs:189:14
   |
LL |     let _ = ((1 < 2) == !m!(func)) as usize;
   |              ^^^^^^^^^^^^^^^^^^^^ help: try simplifying it as shown: `(1 < 2) != m!(func)`

error: aborting due to 25 previous errors

