error: default numeric fallback might occur
  --> $DIR/default_numeric_fallback_f64.rs:21:17
   |
LL |         let x = 0.12;
   |                 ^^^^ help: consider adding suffix: `0.12_f64`
   |
   = note: `-D clippy::default-numeric-fallback` implied by `-D warnings`
   = help: to override `-D warnings` add `#[allow(clippy::default_numeric_fallback)]`

error: default numeric fallback might occur
  --> $DIR/default_numeric_fallback_f64.rs:22:18
   |
LL |         let x = [1., 2., 3.];
   |                  ^^ help: consider adding suffix: `1.0_f64`

error: default numeric fallback might occur
  --> $DIR/default_numeric_fallback_f64.rs:22:22
   |
LL |         let x = [1., 2., 3.];
   |                      ^^ help: consider adding suffix: `2.0_f64`

error: default numeric fallback might occur
  --> $DIR/default_numeric_fallback_f64.rs:22:26
   |
LL |         let x = [1., 2., 3.];
   |                          ^^ help: consider adding suffix: `3.0_f64`

error: default numeric fallback might occur
  --> $DIR/default_numeric_fallback_f64.rs:26:28
   |
LL |         let x = if true { (1., 2.) } else { (3., 4.) };
   |                            ^^ help: consider adding suffix: `1.0_f64`

error: default numeric fallback might occur
  --> $DIR/default_numeric_fallback_f64.rs:26:32
   |
LL |         let x = if true { (1., 2.) } else { (3., 4.) };
   |                                ^^ help: consider adding suffix: `2.0_f64`

error: default numeric fallback might occur
  --> $DIR/default_numeric_fallback_f64.rs:26:46
   |
LL |         let x = if true { (1., 2.) } else { (3., 4.) };
   |                                              ^^ help: consider adding suffix: `3.0_f64`

error: default numeric fallback might occur
  --> $DIR/default_numeric_fallback_f64.rs:26:50
   |
LL |         let x = if true { (1., 2.) } else { (3., 4.) };
   |                                                  ^^ help: consider adding suffix: `4.0_f64`

error: default numeric fallback might occur
  --> $DIR/default_numeric_fallback_f64.rs:33:23
   |
LL |         let x = match 1. {
   |                       ^^ help: consider adding suffix: `1.0_f64`

error: default numeric fallback might occur
  --> $DIR/default_numeric_fallback_f64.rs:34:18
   |
LL |             _ => 1.,
   |                  ^^ help: consider adding suffix: `1.0_f64`

error: default numeric fallback might occur
  --> $DIR/default_numeric_fallback_f64.rs:53:21
   |
LL |             let y = 1.;
   |                     ^^ help: consider adding suffix: `1.0_f64`

error: default numeric fallback might occur
  --> $DIR/default_numeric_fallback_f64.rs:61:21
   |
LL |             let y = 1.;
   |                     ^^ help: consider adding suffix: `1.0_f64`

error: default numeric fallback might occur
  --> $DIR/default_numeric_fallback_f64.rs:67:21
   |
LL |             let y = 1.;
   |                     ^^ help: consider adding suffix: `1.0_f64`

error: default numeric fallback might occur
  --> $DIR/default_numeric_fallback_f64.rs:75:21
   |
LL |             let y = 1.;
   |                     ^^ help: consider adding suffix: `1.0_f64`

error: default numeric fallback might occur
  --> $DIR/default_numeric_fallback_f64.rs:91:27
   |
LL |         let f = || -> _ { 1. };
   |                           ^^ help: consider adding suffix: `1.0_f64`

error: default numeric fallback might occur
  --> $DIR/default_numeric_fallback_f64.rs:95:29
   |
LL |         let f = || -> f64 { 1. };
   |                             ^^ help: consider adding suffix: `1.0_f64`

error: default numeric fallback might occur
  --> $DIR/default_numeric_fallback_f64.rs:109:21
   |
LL |         generic_arg(1.);
   |                     ^^ help: consider adding suffix: `1.0_f64`

error: default numeric fallback might occur
  --> $DIR/default_numeric_fallback_f64.rs:112:32
   |
LL |         let x: _ = generic_arg(1.);
   |                                ^^ help: consider adding suffix: `1.0_f64`

error: default numeric fallback might occur
  --> $DIR/default_numeric_fallback_f64.rs:130:28
   |
LL |         GenericStruct { x: 1. };
   |                            ^^ help: consider adding suffix: `1.0_f64`

error: default numeric fallback might occur
  --> $DIR/default_numeric_fallback_f64.rs:133:36
   |
LL |         let _ = GenericStruct { x: 1. };
   |                                    ^^ help: consider adding suffix: `1.0_f64`

error: default numeric fallback might occur
  --> $DIR/default_numeric_fallback_f64.rs:152:24
   |
LL |         GenericEnum::X(1.);
   |                        ^^ help: consider adding suffix: `1.0_f64`

error: default numeric fallback might occur
  --> $DIR/default_numeric_fallback_f64.rs:172:23
   |
LL |         s.generic_arg(1.);
   |                       ^^ help: consider adding suffix: `1.0_f64`

error: default numeric fallback might occur
  --> $DIR/default_numeric_fallback_f64.rs:182:25
   |
LL |         inline!(let x = 22.;);
   |                         ^^^ help: consider adding suffix: `22.0_f64`
   |
   = note: this error originates in the macro `__inline_mac_fn_internal` (in Nightly builds, run with -Z macro-backtrace for more info)

error: aborting due to 23 previous errors

