error: default numeric fallback might occur
  --> $DIR/default_numeric_fallback_i32.rs:21:17
   |
LL |         let x = 22;
   |                 ^^ help: consider adding suffix: `22_i32`
   |
   = note: `-D clippy::default-numeric-fallback` implied by `-D warnings`
   = help: to override `-D warnings` add `#[allow(clippy::default_numeric_fallback)]`

error: default numeric fallback might occur
  --> $DIR/default_numeric_fallback_i32.rs:22:18
   |
LL |         let x = [1, 2, 3];
   |                  ^ help: consider adding suffix: `1_i32`

error: default numeric fallback might occur
  --> $DIR/default_numeric_fallback_i32.rs:22:21
   |
LL |         let x = [1, 2, 3];
   |                     ^ help: consider adding suffix: `2_i32`

error: default numeric fallback might occur
  --> $DIR/default_numeric_fallback_i32.rs:22:24
   |
LL |         let x = [1, 2, 3];
   |                        ^ help: consider adding suffix: `3_i32`

error: default numeric fallback might occur
  --> $DIR/default_numeric_fallback_i32.rs:26:28
   |
LL |         let x = if true { (1, 2) } else { (3, 4) };
   |                            ^ help: consider adding suffix: `1_i32`

error: default numeric fallback might occur
  --> $DIR/default_numeric_fallback_i32.rs:26:31
   |
LL |         let x = if true { (1, 2) } else { (3, 4) };
   |                               ^ help: consider adding suffix: `2_i32`

error: default numeric fallback might occur
  --> $DIR/default_numeric_fallback_i32.rs:26:44
   |
LL |         let x = if true { (1, 2) } else { (3, 4) };
   |                                            ^ help: consider adding suffix: `3_i32`

error: default numeric fallback might occur
  --> $DIR/default_numeric_fallback_i32.rs:26:47
   |
LL |         let x = if true { (1, 2) } else { (3, 4) };
   |                                               ^ help: consider adding suffix: `4_i32`

error: default numeric fallback might occur
  --> $DIR/default_numeric_fallback_i32.rs:33:23
   |
LL |         let x = match 1 {
   |                       ^ help: consider adding suffix: `1_i32`

error: default numeric fallback might occur
  --> $DIR/default_numeric_fallback_i32.rs:34:13
   |
LL |             1 => 1,
   |             ^ help: consider adding suffix: `1_i32`

error: default numeric fallback might occur
  --> $DIR/default_numeric_fallback_i32.rs:34:18
   |
LL |             1 => 1,
   |                  ^ help: consider adding suffix: `1_i32`

error: default numeric fallback might occur
  --> $DIR/default_numeric_fallback_i32.rs:37:18
   |
LL |             _ => 2,
   |                  ^ help: consider adding suffix: `2_i32`

error: default numeric fallback might occur
  --> $DIR/default_numeric_fallback_i32.rs:56:21
   |
LL |             let y = 1;
   |                     ^ help: consider adding suffix: `1_i32`

error: default numeric fallback might occur
  --> $DIR/default_numeric_fallback_i32.rs:64:21
   |
LL |             let y = 1;
   |                     ^ help: consider adding suffix: `1_i32`

error: default numeric fallback might occur
  --> $DIR/default_numeric_fallback_i32.rs:70:21
   |
LL |             let y = 1;
   |                     ^ help: consider adding suffix: `1_i32`

error: default numeric fallback might occur
  --> $DIR/default_numeric_fallback_i32.rs:78:21
   |
LL |             let y = 1;
   |                     ^ help: consider adding suffix: `1_i32`

error: default numeric fallback might occur
  --> $DIR/default_numeric_fallback_i32.rs:94:27
   |
LL |         let f = || -> _ { 1 };
   |                           ^ help: consider adding suffix: `1_i32`

error: default numeric fallback might occur
  --> $DIR/default_numeric_fallback_i32.rs:98:29
   |
LL |         let f = || -> i32 { 1 };
   |                             ^ help: consider adding suffix: `1_i32`

error: default numeric fallback might occur
  --> $DIR/default_numeric_fallback_i32.rs:112:21
   |
LL |         generic_arg(1);
   |                     ^ help: consider adding suffix: `1_i32`

error: default numeric fallback might occur
  --> $DIR/default_numeric_fallback_i32.rs:115:32
   |
LL |         let x: _ = generic_arg(1);
   |                                ^ help: consider adding suffix: `1_i32`

error: default numeric fallback might occur
  --> $DIR/default_numeric_fallback_i32.rs:133:28
   |
LL |         GenericStruct { x: 1 };
   |                            ^ help: consider adding suffix: `1_i32`

error: default numeric fallback might occur
  --> $DIR/default_numeric_fallback_i32.rs:136:36
   |
LL |         let _ = GenericStruct { x: 1 };
   |                                    ^ help: consider adding suffix: `1_i32`

error: default numeric fallback might occur
  --> $DIR/default_numeric_fallback_i32.rs:154:24
   |
LL |         GenericEnum::X(1);
   |                        ^ help: consider adding suffix: `1_i32`

error: default numeric fallback might occur
  --> $DIR/default_numeric_fallback_i32.rs:174:23
   |
LL |         s.generic_arg(1);
   |                       ^ help: consider adding suffix: `1_i32`

error: default numeric fallback might occur
  --> $DIR/default_numeric_fallback_i32.rs:184:25
   |
LL |         inline!(let x = 22;);
   |                         ^^ help: consider adding suffix: `22_i32`
   |
   = note: this error originates in the macro `__inline_mac_fn_internal` (in Nightly builds, run with -Z macro-backtrace for more info)

error: default numeric fallback might occur
  --> $DIR/default_numeric_fallback_i32.rs:226:29
   |
LL |         let data_i32 = vec![1, 2, 3];
   |                             ^ help: consider adding suffix: `1_i32`

error: default numeric fallback might occur
  --> $DIR/default_numeric_fallback_i32.rs:226:32
   |
LL |         let data_i32 = vec![1, 2, 3];
   |                                ^ help: consider adding suffix: `2_i32`

error: default numeric fallback might occur
  --> $DIR/default_numeric_fallback_i32.rs:226:35
   |
LL |         let data_i32 = vec![1, 2, 3];
   |                                   ^ help: consider adding suffix: `3_i32`

error: aborting due to 28 previous errors

