error: use of `#[inline]` on trait method `default_inline` which has no body
  --> $DIR/inline_fn_without_body.rs:5:5
   |
LL |     #[inline]
   |     ^^^^^^^^^-
   |     |
   |     help: remove
   |
   = note: `-D clippy::inline-fn-without-body` implied by `-D warnings`
   = help: to override `-D warnings` add `#[allow(clippy::inline_fn_without_body)]`

error: use of `#[inline]` on trait method `always_inline` which has no body
  --> $DIR/inline_fn_without_body.rs:8:5
   |
LL |     #[inline(always)]
   |     ^^^^^^^^^^^^^^^^^-
   |     |
   |     help: remove

error: use of `#[inline]` on trait method `never_inline` which has no body
  --> $DIR/inline_fn_without_body.rs:11:5
   |
LL |     #[inline(never)]
   |     ^^^^^^^^^^^^^^^^-
   |     |
   |     help: remove

error: aborting due to 3 previous errors

