error: manual saturating arithmetic
  --> $DIR/manual_saturating_arithmetic.rs:6:13
   |
LL |     let _ = 1u32.checked_add(1).unwrap_or(u32::max_value());
   |             ^^^^^^^^^^^^^^^^^^^^^^^^^^^^^^^^^^^^^^^^^^^^^^^ help: consider using `saturating_add`: `1u32.saturating_add(1)`
   |
   = note: `-D clippy::manual-saturating-arithmetic` implied by `-D warnings`
   = help: to override `-D warnings` add `#[allow(clippy::manual_saturating_arithmetic)]`

error: manual saturating arithmetic
  --> $DIR/manual_saturating_arithmetic.rs:8:13
   |
LL |     let _ = 1u32.checked_add(1).unwrap_or(u32::MAX);
   |             ^^^^^^^^^^^^^^^^^^^^^^^^^^^^^^^^^^^^^^^ help: consider using `saturating_add`: `1u32.saturating_add(1)`

error: manual saturating arithmetic
  --> $DIR/manual_saturating_arithmetic.rs:10:13
   |
LL |     let _ = 1u8.checked_add(1).unwrap_or(255);
   |             ^^^^^^^^^^^^^^^^^^^^^^^^^^^^^^^^^ help: consider using `saturating_add`: `1u8.saturating_add(1)`

error: manual saturating arithmetic
  --> $DIR/manual_saturating_arithmetic.rs:14:13
   |
LL |       let _ = 1u128
   |  _____________^
LL | |         .checked_add(1)
LL | |         .unwrap_or(340_282_366_920_938_463_463_374_607_431_768_211_455);
   | |_______________________________________________________________________^ help: consider using `saturating_add`: `1u128.saturating_add(1)`

error: manual saturating arithmetic
  --> $DIR/manual_saturating_arithmetic.rs:19:13
   |
LL |     let _ = 1u32.checked_mul(1).unwrap_or(u32::MAX);
   |             ^^^^^^^^^^^^^^^^^^^^^^^^^^^^^^^^^^^^^^^ help: consider using `saturating_mul`: `1u32.saturating_mul(1)`

error: manual saturating arithmetic
  --> $DIR/manual_saturating_arithmetic.rs:22:13
   |
LL |     let _ = 1u32.checked_sub(1).unwrap_or(u32::min_value());
   |             ^^^^^^^^^^^^^^^^^^^^^^^^^^^^^^^^^^^^^^^^^^^^^^^ help: consider using `saturating_sub`: `1u32.saturating_sub(1)`

error: manual saturating arithmetic
  --> $DIR/manual_saturating_arithmetic.rs:24:13
   |
LL |     let _ = 1u32.checked_sub(1).unwrap_or(u32::MIN);
   |             ^^^^^^^^^^^^^^^^^^^^^^^^^^^^^^^^^^^^^^^ help: consider using `saturating_sub`: `1u32.saturating_sub(1)`

error: manual saturating arithmetic
  --> $DIR/manual_saturating_arithmetic.rs:26:13
   |
LL |     let _ = 1u8.checked_sub(1).unwrap_or(0);
   |             ^^^^^^^^^^^^^^^^^^^^^^^^^^^^^^^ help: consider using `saturating_sub`: `1u8.saturating_sub(1)`

error: manual saturating arithmetic
  --> $DIR/manual_saturating_arithmetic.rs:31:13
   |
LL |     let _ = 1i32.checked_add(1).unwrap_or(i32::max_value());
   |             ^^^^^^^^^^^^^^^^^^^^^^^^^^^^^^^^^^^^^^^^^^^^^^^ help: consider using `saturating_add`: `1i32.saturating_add(1)`

error: manual saturating arithmetic
  --> $DIR/manual_saturating_arithmetic.rs:33:13
   |
LL |     let _ = 1i32.checked_add(1).unwrap_or(i32::MAX);
   |             ^^^^^^^^^^^^^^^^^^^^^^^^^^^^^^^^^^^^^^^ help: consider using `saturating_add`: `1i32.saturating_add(1)`

error: manual saturating arithmetic
  --> $DIR/manual_saturating_arithmetic.rs:35:13
   |
LL |     let _ = 1i8.checked_add(1).unwrap_or(127);
   |             ^^^^^^^^^^^^^^^^^^^^^^^^^^^^^^^^^ help: consider using `saturating_add`: `1i8.saturating_add(1)`

error: manual saturating arithmetic
  --> $DIR/manual_saturating_arithmetic.rs:39:13
   |
LL |       let _ = 1i128
   |  _____________^
LL | |         .checked_add(1)
LL | |         .unwrap_or(170_141_183_460_469_231_731_687_303_715_884_105_727);
   | |_______________________________________________________________________^ help: consider using `saturating_add`: `1i128.saturating_add(1)`

error: manual saturating arithmetic
  --> $DIR/manual_saturating_arithmetic.rs:42:13
   |
LL |     let _ = 1i32.checked_add(-1).unwrap_or(i32::min_value());
   |             ^^^^^^^^^^^^^^^^^^^^^^^^^^^^^^^^^^^^^^^^^^^^^^^^ help: consider using `saturating_add`: `1i32.saturating_add(-1)`

error: manual saturating arithmetic
  --> $DIR/manual_saturating_arithmetic.rs:44:13
   |
LL |     let _ = 1i32.checked_add(-1).unwrap_or(i32::MIN);
   |             ^^^^^^^^^^^^^^^^^^^^^^^^^^^^^^^^^^^^^^^^ help: consider using `saturating_add`: `1i32.saturating_add(-1)`

error: manual saturating arithmetic
  --> $DIR/manual_saturating_arithmetic.rs:46:13
   |
LL |     let _ = 1i8.checked_add(-1).unwrap_or(-128);
   |             ^^^^^^^^^^^^^^^^^^^^^^^^^^^^^^^^^^^ help: consider using `saturating_add`: `1i8.saturating_add(-1)`

error: manual saturating arithmetic
  --> $DIR/manual_saturating_arithmetic.rs:50:13
   |
LL |       let _ = 1i128
   |  _____________^
LL | |         .checked_add(-1)
LL | |         .unwrap_or(-170_141_183_460_469_231_731_687_303_715_884_105_728);
   | |________________________________________________________________________^ help: consider using `saturating_add`: `1i128.saturating_add(-1)`

error: manual saturating arithmetic
  --> $DIR/manual_saturating_arithmetic.rs:57:13
   |
LL |     let _ = 1i32.checked_sub(1).unwrap_or(i32::min_value());
   |             ^^^^^^^^^^^^^^^^^^^^^^^^^^^^^^^^^^^^^^^^^^^^^^^ help: consider using `saturating_sub`: `1i32.saturating_sub(1)`

error: manual saturating arithmetic
  --> $DIR/manual_saturating_arithmetic.rs:59:13
   |
LL |     let _ = 1i32.checked_sub(1).unwrap_or(i32::MIN);
   |             ^^^^^^^^^^^^^^^^^^^^^^^^^^^^^^^^^^^^^^^ help: consider using `saturating_sub`: `1i32.saturating_sub(1)`

error: manual saturating arithmetic
  --> $DIR/manual_saturating_arithmetic.rs:61:13
   |
LL |     let _ = 1i8.checked_sub(1).unwrap_or(-128);
   |             ^^^^^^^^^^^^^^^^^^^^^^^^^^^^^^^^^^ help: consider using `saturating_sub`: `1i8.saturating_sub(1)`

error: manual saturating arithmetic
  --> $DIR/manual_saturating_arithmetic.rs:65:13
   |
LL |       let _ = 1i128
   |  _____________^
LL | |         .checked_sub(1)
LL | |         .unwrap_or(-170_141_183_460_469_231_731_687_303_715_884_105_728);
   | |________________________________________________________________________^ help: consider using `saturating_sub`: `1i128.saturating_sub(1)`

error: manual saturating arithmetic
  --> $DIR/manual_saturating_arithmetic.rs:68:13
   |
LL |     let _ = 1i32.checked_sub(-1).unwrap_or(i32::max_value());
   |             ^^^^^^^^^^^^^^^^^^^^^^^^^^^^^^^^^^^^^^^^^^^^^^^^ help: consider using `saturating_sub`: `1i32.saturating_sub(-1)`

error: manual saturating arithmetic
  --> $DIR/manual_saturating_arithmetic.rs:70:13
   |
LL |     let _ = 1i32.checked_sub(-1).unwrap_or(i32::MAX);
   |             ^^^^^^^^^^^^^^^^^^^^^^^^^^^^^^^^^^^^^^^^ help: consider using `saturating_sub`: `1i32.saturating_sub(-1)`

error: manual saturating arithmetic
  --> $DIR/manual_saturating_arithmetic.rs:72:13
   |
LL |     let _ = 1i8.checked_sub(-1).unwrap_or(127);
   |             ^^^^^^^^^^^^^^^^^^^^^^^^^^^^^^^^^^ help: consider using `saturating_sub`: `1i8.saturating_sub(-1)`

error: manual saturating arithmetic
  --> $DIR/manual_saturating_arithmetic.rs:76:13
   |
LL |       let _ = 1i128
   |  _____________^
LL | |         .checked_sub(-1)
LL | |         .unwrap_or(170_141_183_460_469_231_731_687_303_715_884_105_727);
   | |_______________________________________________________________________^ help: consider using `saturating_sub`: `1i128.saturating_sub(-1)`

error: aborting due to 24 previous errors

