error: docs for function which may panic missing `# Panics` section
  --> $DIR/missing_panics_doc.rs:14:1
   |
LL | pub fn unwrap() {
   | ^^^^^^^^^^^^^^^
   |
note: first possible panic found here
  --> $DIR/missing_panics_doc.rs:16:5
   |
LL |     result.unwrap()
   |     ^^^^^^^^^^^^^^^
   = note: `-D clippy::missing-panics-doc` implied by `-D warnings`
   = help: to override `-D warnings` add `#[allow(clippy::missing_panics_doc)]`

error: docs for function which may panic missing `# Panics` section
  --> $DIR/missing_panics_doc.rs:21:1
   |
LL | pub fn panic() {
   | ^^^^^^^^^^^^^^
   |
note: first possible panic found here
  --> $DIR/missing_panics_doc.rs:22:5
   |
LL |     panic!("This function panics")
   |     ^^^^^^^^^^^^^^^^^^^^^^^^^^^^^^

error: docs for function which may panic missing `# Panics` section
  --> $DIR/missing_panics_doc.rs:27:1
   |
LL | pub fn inner_body(opt: Option<u32>) {
   | ^^^^^^^^^^^^^^^^^^^^^^^^^^^^^^^^^^^
   |
note: first possible panic found here
  --> $DIR/missing_panics_doc.rs:30:13
   |
LL |             panic!()
   |             ^^^^^^^^

error: docs for function which may panic missing `# Panics` section
  --> $DIR/missing_panics_doc.rs:37:1
   |
LL | pub fn unreachable_and_panic() {
   | ^^^^^^^^^^^^^^^^^^^^^^^^^^^^^^
   |
note: first possible panic found here
  --> $DIR/missing_panics_doc.rs:38:39
   |
LL |     if true { unreachable!() } else { panic!() }
   |                                       ^^^^^^^^

error: docs for function which may panic missing `# Panics` section
  --> $DIR/missing_panics_doc.rs:43:1
   |
LL | pub fn assert_eq() {
   | ^^^^^^^^^^^^^^^^^^
   |
note: first possible panic found here
  --> $DIR/missing_panics_doc.rs:45:5
   |
LL |     assert_eq!(x, 0);
   |     ^^^^^^^^^^^^^^^^

error: docs for function which may panic missing `# Panics` section
  --> $DIR/missing_panics_doc.rs:50:1
   |
LL | pub fn assert_ne() {
   | ^^^^^^^^^^^^^^^^^^
   |
note: first possible panic found here
  --> $DIR/missing_panics_doc.rs:52:5
   |
LL |     assert_ne!(x, 0);
   |     ^^^^^^^^^^^^^^^^

error: docs for function which may panic missing `# Panics` section
  --> $DIR/missing_panics_doc.rs:158:5
   |
LL |     pub fn option_unwrap<T>(v: &[T]) -> &T {
   |     ^^^^^^^^^^^^^^^^^^^^^^^^^^^^^^^^^^^^^^
   |
note: first possible panic found here
  --> $DIR/missing_panics_doc.rs:160:9
   |
LL |         o.unwrap()
   |         ^^^^^^^^^^

error: docs for function which may panic missing `# Panics` section
  --> $DIR/missing_panics_doc.rs:164:5
   |
LL |     pub fn option_expect<T>(v: &[T]) -> &T {
   |     ^^^^^^^^^^^^^^^^^^^^^^^^^^^^^^^^^^^^^^
   |
note: first possible panic found here
  --> $DIR/missing_panics_doc.rs:166:9
   |
LL |         o.expect("passed an empty thing")
   |         ^^^^^^^^^^^^^^^^^^^^^^^^^^^^^^^^^

error: docs for function which may panic missing `# Panics` section
  --> $DIR/missing_panics_doc.rs:170:5
   |
LL |     pub fn result_unwrap<T>(v: &[T]) -> &T {
   |     ^^^^^^^^^^^^^^^^^^^^^^^^^^^^^^^^^^^^^^
   |
note: first possible panic found here
  --> $DIR/missing_panics_doc.rs:172:9
   |
LL |         res.unwrap()
   |         ^^^^^^^^^^^^

error: docs for function which may panic missing `# Panics` section
  --> $DIR/missing_panics_doc.rs:176:5
   |
LL |     pub fn result_expect<T>(v: &[T]) -> &T {
   |     ^^^^^^^^^^^^^^^^^^^^^^^^^^^^^^^^^^^^^^
   |
note: first possible panic found here
  --> $DIR/missing_panics_doc.rs:178:9
   |
LL |         res.expect("passed an empty thing")
   |         ^^^^^^^^^^^^^^^^^^^^^^^^^^^^^^^^^^^

error: docs for function which may panic missing `# Panics` section
  --> $DIR/missing_panics_doc.rs:182:5
   |
LL |     pub fn last_unwrap(v: &[u32]) -> u32 {
   |     ^^^^^^^^^^^^^^^^^^^^^^^^^^^^^^^^^^^^
   |
note: first possible panic found here
  --> $DIR/missing_panics_doc.rs:183:10
   |
LL |         *v.last().unwrap()
   |          ^^^^^^^^^^^^^^^^^

error: docs for function which may panic missing `# Panics` section
  --> $DIR/missing_panics_doc.rs:187:5
   |
LL |     pub fn last_expect(v: &[u32]) -> u32 {
   |     ^^^^^^^^^^^^^^^^^^^^^^^^^^^^^^^^^^^^
   |
note: first possible panic found here
  --> $DIR/missing_panics_doc.rs:188:10
   |
LL |         *v.last().expect("passed an empty thing")
   |          ^^^^^^^^^^^^^^^^^^^^^^^^^^^^^^^^^^^^^^^^

error: aborting due to 12 previous errors

