error: this expression creates a reference which is immediately dereferenced by the compiler
  --> $DIR/needless_borrow.rs:17:15
   |
LL |     let _ = x(&&a); // warn
   |               ^^^ help: change this to: `&a`
   |
   = note: `-D clippy::needless-borrow` implied by `-D warnings`
   = help: to override `-D warnings` add `#[allow(clippy::needless_borrow)]`

error: this expression creates a reference which is immediately dereferenced by the compiler
  --> $DIR/needless_borrow.rs:23:13
   |
LL |     mut_ref(&mut &mut b); // warn
   |             ^^^^^^^^^^^ help: change this to: `&mut b`

error: this expression creates a reference which is immediately dereferenced by the compiler
  --> $DIR/needless_borrow.rs:35:13
   |
LL |             &&a
   |             ^^^ help: change this to: `&a`

error: this expression creates a reference which is immediately dereferenced by the compiler
  --> $DIR/needless_borrow.rs:37:15
   |
LL |         46 => &&a,
   |               ^^^ help: change this to: `&a`

error: this expression creates a reference which is immediately dereferenced by the compiler
  --> $DIR/needless_borrow.rs:43:27
   |
LL |                     break &ref_a;
   |                           ^^^^^^ help: change this to: `ref_a`

error: this expression creates a reference which is immediately dereferenced by the compiler
  --> $DIR/needless_borrow.rs:50:15
   |
LL |     let _ = x(&&&a);
   |               ^^^^ help: change this to: `&a`

error: this expression creates a reference which is immediately dereferenced by the compiler
  --> $DIR/needless_borrow.rs:51:15
   |
LL |     let _ = x(&mut &&a);
   |               ^^^^^^^^ help: change this to: `&a`

error: this expression creates a reference which is immediately dereferenced by the compiler
  --> $DIR/needless_borrow.rs:52:15
   |
LL |     let _ = x(&&&mut b);
   |               ^^^^^^^^ help: change this to: `&mut b`

error: this expression creates a reference which is immediately dereferenced by the compiler
  --> $DIR/needless_borrow.rs:53:15
   |
LL |     let _ = x(&&ref_a);
   |               ^^^^^^^ help: change this to: `ref_a`

error: this expression creates a reference which is immediately dereferenced by the compiler
  --> $DIR/needless_borrow.rs:56:11
   |
LL |         x(&b);
   |           ^^ help: change this to: `b`

error: this expression creates a reference which is immediately dereferenced by the compiler
  --> $DIR/needless_borrow.rs:63:13
   |
LL |     mut_ref(&mut x);
   |             ^^^^^^ help: change this to: `x`

error: this expression creates a reference which is immediately dereferenced by the compiler
  --> $DIR/needless_borrow.rs:64:13
   |
LL |     mut_ref(&mut &mut x);
   |             ^^^^^^^^^^^ help: change this to: `x`

error: this expression creates a reference which is immediately dereferenced by the compiler
  --> $DIR/needless_borrow.rs:65:23
   |
LL |     let y: &mut i32 = &mut x;
   |                       ^^^^^^ help: change this to: `x`

error: this expression creates a reference which is immediately dereferenced by the compiler
  --> $DIR/needless_borrow.rs:66:23
   |
LL |     let y: &mut i32 = &mut &mut x;
   |                       ^^^^^^^^^^^ help: change this to: `x`

error: this expression creates a reference which is immediately dereferenced by the compiler
  --> $DIR/needless_borrow.rs:75:14
   |
LL |         0 => &mut x,
   |              ^^^^^^ help: change this to: `x`

error: this expression creates a reference which is immediately dereferenced by the compiler
  --> $DIR/needless_borrow.rs:81:14
   |
LL |         0 => &mut x,
   |              ^^^^^^ help: change this to: `x`

error: this expression borrows a value the compiler would automatically borrow
  --> $DIR/needless_borrow.rs:93:13
   |
LL |     let _ = (&x).0;
   |             ^^^^ help: change this to: `x`

error: this expression borrows a value the compiler would automatically borrow
  --> $DIR/needless_borrow.rs:95:22
   |
LL |     let _ = unsafe { (&*x).0 };
   |                      ^^^^^ help: change this to: `(*x)`

error: this expression creates a reference which is immediately dereferenced by the compiler
  --> $DIR/needless_borrow.rs:105:5
   |
LL |     (&&()).foo();
   |     ^^^^^^ help: change this to: `(&())`

error: this expression creates a reference which is immediately dereferenced by the compiler
  --> $DIR/needless_borrow.rs:114:5
   |
LL |     (&&5).foo();
   |     ^^^^^ help: change this to: `(&5)`

error: this expression creates a reference which is immediately dereferenced by the compiler
  --> $DIR/needless_borrow.rs:140:23
   |
LL |     let x: (&str,) = (&"",);
   |                       ^^^ help: change this to: `""`

error: this expression borrows a value the compiler would automatically borrow
  --> $DIR/needless_borrow.rs:182:13
   |
LL |             (&self.f)()
   |             ^^^^^^^^^ help: change this to: `(self.f)`

error: this expression borrows a value the compiler would automatically borrow
  --> $DIR/needless_borrow.rs:191:13
   |
LL |             (&mut self.f)()
   |             ^^^^^^^^^^^^^ help: change this to: `(self.f)`

error: this expression borrows a value the compiler would automatically borrow
  --> $DIR/needless_borrow.rs:228:22
   |
LL |         let _ = &mut (&mut { x.u }).x;
   |                      ^^^^^^^^^^^^^^ help: change this to: `{ x.u }`

error: this expression borrows a value the compiler would automatically borrow
  --> $DIR/needless_borrow.rs:235:22
   |
LL |         let _ = &mut (&mut { x.u }).x;
   |                      ^^^^^^^^^^^^^^ help: change this to: `{ x.u }`

error: this expression borrows a value the compiler would automatically borrow
  --> $DIR/needless_borrow.rs:239:22
   |
LL |         let _ = &mut (&mut x.u).x;
   |                      ^^^^^^^^^^ help: change this to: `x.u`

error: this expression borrows a value the compiler would automatically borrow
  --> $DIR/needless_borrow.rs:240:22
   |
LL |         let _ = &mut (&mut { x.u }).x;
   |                      ^^^^^^^^^^^^^^ help: change this to: `{ x.u }`

error: aborting due to 27 previous errors

