error: unneeded `return` statement
  --> $DIR/needless_return.rs:26:5
   |
LL |     return true;
   |     ^^^^^^^^^^^
   |
   = note: `-D clippy::needless-return` implied by `-D warnings`
   = help: to override `-D warnings` add `#[allow(clippy::needless_return)]`
help: remove `return`
   |
LL -     return true;
LL +     true
   |

error: unneeded `return` statement
  --> $DIR/needless_return.rs:30:5
   |
LL |     return true;
   |     ^^^^^^^^^^^
   |
help: remove `return`
   |
LL -     return true;
LL +     true
   |

error: unneeded `return` statement
  --> $DIR/needless_return.rs:35:5
   |
LL |     return true;;;
   |     ^^^^^^^^^^^
   |
help: remove `return`
   |
LL -     return true;;;
LL +     true
   |

error: unneeded `return` statement
  --> $DIR/needless_return.rs:40:5
   |
LL |     return true;; ; ;
   |     ^^^^^^^^^^^
   |
help: remove `return`
   |
LL -     return true;; ; ;
LL +     true
   |

error: unneeded `return` statement
  --> $DIR/needless_return.rs:45:9
   |
LL |         return true;
   |         ^^^^^^^^^^^
   |
help: remove `return`
   |
LL -         return true;
LL +         true
   |

error: unneeded `return` statement
  --> $DIR/needless_return.rs:47:9
   |
LL |         return false;
   |         ^^^^^^^^^^^^
   |
help: remove `return`
   |
LL -         return false;
LL +         false
   |

error: unneeded `return` statement
  --> $DIR/needless_return.rs:53:17
   |
LL |         true => return false,
   |                 ^^^^^^^^^^^^
   |
help: remove `return`
   |
LL |         true => false,
   |                 ~~~~~

error: unneeded `return` statement
  --> $DIR/needless_return.rs:55:13
   |
LL |             return true;
   |             ^^^^^^^^^^^
   |
help: remove `return`
   |
LL -             return true;
LL +             true
   |

error: unneeded `return` statement
  --> $DIR/needless_return.rs:62:9
   |
LL |         return true;
   |         ^^^^^^^^^^^
   |
help: remove `return`
   |
LL -         return true;
LL +         true
   |

error: unneeded `return` statement
  --> $DIR/needless_return.rs:64:16
   |
LL |     let _ = || return true;
   |                ^^^^^^^^^^^
   |
help: remove `return`
   |
LL |     let _ = || true;
   |                ~~~~

error: unneeded `return` statement
  --> $DIR/needless_return.rs:68:5
   |
LL |     return the_answer!();
   |     ^^^^^^^^^^^^^^^^^^^^
   |
help: remove `return`
   |
LL -     return the_answer!();
LL +     the_answer!()
   |

error: unneeded `return` statement
  --> $DIR/needless_return.rs:72:21
   |
LL |   fn test_void_fun() {
   |  _____________________^
LL | |     return;
   | |__________^
   |
help: remove `return`
   |
LL - fn test_void_fun() {
LL -     return;
LL + fn test_void_fun() {
   |

error: unneeded `return` statement
  --> $DIR/needless_return.rs:78:11
   |
LL |       if b {
   |  ___________^
LL | |         return;
   | |______________^
   |
help: remove `return`
   |
LL -     if b {
LL -         return;
LL +     if b {
   |

error: unneeded `return` statement
  --> $DIR/needless_return.rs:81:13
   |
LL |       } else {
   |  _____________^
LL | |         return;
   | |______________^
   |
help: remove `return`
   |
LL -     } else {
LL -         return;
LL +     } else {
   |

error: unneeded `return` statement
  --> $DIR/needless_return.rs:89:14
   |
LL |         _ => return,
   |              ^^^^^^
   |
help: replace `return` with a unit value
   |
LL |         _ => (),
   |              ~~

error: unneeded `return` statement
  --> $DIR/needless_return.rs:98:24
   |
LL |               let _ = 42;
   |  ________________________^
LL | |             return;
   | |__________________^
   |
help: remove `return`
   |
LL -             let _ = 42;
LL -             return;
LL +             let _ = 42;
   |

error: unneeded `return` statement
  --> $DIR/needless_return.rs:101:14
   |
LL |         _ => return,
   |              ^^^^^^
   |
help: replace `return` with a unit value
   |
LL |         _ => (),
   |              ~~

error: unneeded `return` statement
  --> $DIR/needless_return.rs:114:9
   |
LL |         return String::from("test");
   |         ^^^^^^^^^^^^^^^^^^^^^^^^^^^
   |
help: remove `return`
   |
LL -         return String::from("test");
LL +         String::from("test")
   |

error: unneeded `return` statement
  --> $DIR/needless_return.rs:116:9
   |
LL |         return String::new();
   |         ^^^^^^^^^^^^^^^^^^^^
   |
help: remove `return`
   |
LL -         return String::new();
LL +         String::new()
   |

error: unneeded `return` statement
  --> $DIR/needless_return.rs:138:32
   |
LL |         bar.unwrap_or_else(|_| return)
   |                                ^^^^^^
   |
help: replace `return` with an empty block
   |
LL |         bar.unwrap_or_else(|_| {})
   |                                ~~

error: unneeded `return` statement
  --> $DIR/needless_return.rs:143:21
   |
LL |           let _ = || {
   |  _____________________^
LL | |             return;
   | |__________________^
   |
help: remove `return`
   |
LL -         let _ = || {
LL -             return;
LL +         let _ = || {
   |

error: unneeded `return` statement
  --> $DIR/needless_return.rs:146:20
   |
LL |         let _ = || return;
   |                    ^^^^^^
   |
help: replace `return` with an empty block
   |
LL |         let _ = || {};
   |                    ~~

error: unneeded `return` statement
  --> $DIR/needless_return.rs:152:32
   |
LL |         res.unwrap_or_else(|_| return Foo)
   |                                ^^^^^^^^^^
   |
help: remove `return`
   |
LL |         res.unwrap_or_else(|_| Foo)
   |                                ~~~

error: unneeded `return` statement
  --> $DIR/needless_return.rs:161:5
   |
LL |     return true;
   |     ^^^^^^^^^^^
   |
help: remove `return`
   |
LL -     return true;
LL +     true
   |

error: unneeded `return` statement
  --> $DIR/needless_return.rs:165:5
   |
LL |     return true;
   |     ^^^^^^^^^^^
   |
help: remove `return`
   |
LL -     return true;
LL +     true
   |

error: unneeded `return` statement
  --> $DIR/needless_return.rs:170:9
   |
LL |         return true;
   |         ^^^^^^^^^^^
   |
help: remove `return`
   |
LL -         return true;
LL +         true
   |

error: unneeded `return` statement
  --> $DIR/needless_return.rs:172:9
   |
LL |         return false;
   |         ^^^^^^^^^^^^
   |
help: remove `return`
   |
LL -         return false;
LL +         false
   |

error: unneeded `return` statement
  --> $DIR/needless_return.rs:178:17
   |
LL |         true => return false,
   |                 ^^^^^^^^^^^^
   |
help: remove `return`
   |
LL |         true => false,
   |                 ~~~~~

error: unneeded `return` statement
  --> $DIR/needless_return.rs:180:13
   |
LL |             return true;
   |             ^^^^^^^^^^^
   |
help: remove `return`
   |
LL -             return true;
LL +             true
   |

error: unneeded `return` statement
  --> $DIR/needless_return.rs:187:9
   |
LL |         return true;
   |         ^^^^^^^^^^^
   |
help: remove `return`
   |
LL -         return true;
LL +         true
   |

error: unneeded `return` statement
  --> $DIR/needless_return.rs:189:16
   |
LL |     let _ = || return true;
   |                ^^^^^^^^^^^
   |
help: remove `return`
   |
LL |     let _ = || true;
   |                ~~~~

error: unneeded `return` statement
  --> $DIR/needless_return.rs:193:5
   |
LL |     return the_answer!();
   |     ^^^^^^^^^^^^^^^^^^^^
   |
help: remove `return`
   |
LL -     return the_answer!();
LL +     the_answer!()
   |

error: unneeded `return` statement
  --> $DIR/needless_return.rs:197:33
   |
LL |   async fn async_test_void_fun() {
   |  _________________________________^
LL | |     return;
   | |__________^
   |
help: remove `return`
   |
LL - async fn async_test_void_fun() {
LL -     return;
LL + async fn async_test_void_fun() {
   |

error: unneeded `return` statement
  --> $DIR/needless_return.rs:203:11
   |
LL |       if b {
   |  ___________^
LL | |         return;
   | |______________^
   |
help: remove `return`
   |
LL -     if b {
LL -         return;
LL +     if b {
   |

error: unneeded `return` statement
  --> $DIR/needless_return.rs:206:13
   |
LL |       } else {
   |  _____________^
LL | |         return;
   | |______________^
   |
help: remove `return`
   |
LL -     } else {
LL -         return;
LL +     } else {
   |

error: unneeded `return` statement
  --> $DIR/needless_return.rs:214:14
   |
LL |         _ => return,
   |              ^^^^^^
   |
help: replace `return` with a unit value
   |
LL |         _ => (),
   |              ~~

error: unneeded `return` statement
  --> $DIR/needless_return.rs:227:9
   |
LL |         return String::from("test");
   |         ^^^^^^^^^^^^^^^^^^^^^^^^^^^
   |
help: remove `return`
   |
LL -         return String::from("test");
LL +         String::from("test")
   |

error: unneeded `return` statement
  --> $DIR/needless_return.rs:229:9
   |
LL |         return String::new();
   |         ^^^^^^^^^^^^^^^^^^^^
   |
help: remove `return`
   |
LL -         return String::new();
LL +         String::new()
   |

error: unneeded `return` statement
  --> $DIR/needless_return.rs:245:5
   |
LL |     return format!("Hello {}", "world!");
   |     ^^^^^^^^^^^^^^^^^^^^^^^^^^^^^^^^^^^^
   |
help: remove `return`
   |
LL -     return format!("Hello {}", "world!");
LL +     format!("Hello {}", "world!")
   |

error: unneeded `return` statement
  --> $DIR/needless_return.rs:257:9
   |
LL |         return true;
   |         ^^^^^^^^^^^
   |
help: remove `return`
   |
LL ~         true
LL |     } else {
LL |         return false;
LL ~     }
   |

error: unneeded `return` statement
  --> $DIR/needless_return.rs:259:9
   |
LL |         return false;
   |         ^^^^^^^^^^^^
   |
help: remove `return`
   |
LL ~         false
LL ~     }
   |

error: unneeded `return` statement
  --> $DIR/needless_return.rs:266:13
   |
LL |             return 10;
   |             ^^^^^^^^^
   |
help: remove `return`
   |
LL ~             10
LL |         },
 ...
LL |         },
LL ~     }
   |

error: unneeded `return` statement
  --> $DIR/needless_return.rs:269:13
   |
LL |             return 100;
   |             ^^^^^^^^^^
   |
help: remove `return`
   |
LL ~             100
LL |         },
LL ~     }
   |

error: unneeded `return` statement
  --> $DIR/needless_return.rs:277:9
   |
LL |         return 0;
   |         ^^^^^^^^
   |
help: remove `return`
   |
LL ~         0
LL ~     }
   |

error: unneeded `return` statement
  --> $DIR/needless_return.rs:284:13
   |
LL |             return *(x as *const isize);
   |             ^^^^^^^^^^^^^^^^^^^^^^^^^^^
   |
help: remove `return`
   |
LL ~             *(x as *const isize)
LL |         } else {
LL |             return !*(x as *const isize);
LL ~         }
LL ~     }
   |

error: unneeded `return` statement
  --> $DIR/needless_return.rs:286:13
   |
LL |             return !*(x as *const isize);
   |             ^^^^^^^^^^^^^^^^^^^^^^^^^^^^
   |
help: remove `return`
   |
LL ~             !*(x as *const isize)
LL ~         }
LL ~     }
   |

error: unneeded `return` statement
  --> $DIR/needless_return.rs:294:20
   |
LL |           let _ = 42;
   |  ____________________^
LL | |
LL | |         return;
   | |______________^
   |
help: remove `return`
   |
LL -         let _ = 42;
LL - 
LL -         return;
LL +         let _ = 42;
   |

error: unneeded `return` statement
  --> $DIR/needless_return.rs:301:20
   |
LL |         let _ = 42; return;
   |                    ^^^^^^^
   |
help: remove `return`
   |
LL -         let _ = 42; return;
LL +         let _ = 42;
   |

error: unneeded `return` statement
  --> $DIR/needless_return.rs:313:9
   |
LL |         return Ok(format!("ok!"));
   |         ^^^^^^^^^^^^^^^^^^^^^^^^^
   |
help: remove `return`
   |
LL -         return Ok(format!("ok!"));
LL +         Ok(format!("ok!"))
   |

error: unneeded `return` statement
  --> $DIR/needless_return.rs:315:9
   |
LL |         return Err(format!("err!"));
   |         ^^^^^^^^^^^^^^^^^^^^^^^^^^^
   |
help: remove `return`
   |
LL -         return Err(format!("err!"));
LL +         Err(format!("err!"))
   |

error: unneeded `return` statement
  --> $DIR/needless_return.rs:321:9
   |
LL |         return if true { 1 } else { 2 };
   |         ^^^^^^^^^^^^^^^^^^^^^^^^^^^^^^^
   |
help: remove `return`
   |
LL -         return if true { 1 } else { 2 };
LL +         if true { 1 } else { 2 }
   |

error: unneeded `return` statement
  --> $DIR/needless_return.rs:325:9
   |
LL |         return if b1 { 0 } else { 1 } | if b2 { 2 } else { 3 } | if b3 { 4 } else { 5 };
   |         ^^^^^^^^^^^^^^^^^^^^^^^^^^^^^^^^^^^^^^^^^^^^^^^^^^^^^^^^^^^^^^^^^^^^^^^^^^^^^^^
   |
help: remove `return` and wrap the sequence with parentheses
   |
LL -         return if b1 { 0 } else { 1 } | if b2 { 2 } else { 3 } | if b3 { 4 } else { 5 };
LL +         (if b1 { 0 } else { 1 } | if b2 { 2 } else { 3 } | if b3 { 4 } else { 5 })
   |

error: aborting due to 52 previous errors

