error: this `continue` expression is redundant
  --> tests/ui/needless_continue.rs:10:9
   |
LL |       loop {
   |  ___________-
LL | |         continue;
   | |_________^^^^^^^^- help: remove this
   |
   = note: `-D clippy::needless-continue` implied by `-D warnings`
   = help: to override `-D warnings` add `#[allow(clippy::needless_continue)]`

error: this `continue` expression is redundant
  --> tests/ui/needless_continue.rs:15:9
   |
LL |           let _ = 1 + 1;
   |  _______________________-
LL | |         continue;
   | |_________^^^^^^^^- help: remove this

error: this `continue` expression is redundant
  --> tests/ui/needless_continue.rs:24:9
   |
LL |           };
   |  ___________-
LL | |         continue;
   | |_________^^^^^^^^- help: remove this

error: this `continue` expression is redundant
  --> tests/ui/needless_continue.rs:29:13
   |
LL |           if true {
   |  __________________-
LL | |             continue;
   | |_____________^^^^^^^^- help: remove this

error: this `continue` expression is redundant
  --> tests/ui/needless_continue.rs:35:13
   |
LL |           if true {
   |  __________________-
LL | |             continue;
   | |_____________^^^^^^^^- help: remove this

error: this `continue` expression is redundant
  --> tests/ui/needless_continue.rs:45:13
   |
LL |           } else {
   |  _________________-
LL | |             continue;
   | |_____________^^^^^^^^- help: remove this

error: this `continue` expression is redundant
  --> tests/ui/needless_continue.rs:52:18
   |
LL |             1 => continue,
   |                 -^^^^^^^^
   |                 |
   |                 help: remove this: `{}`

error: this `continue` expression is redundant
  --> tests/ui/needless_continue.rs:63:22
   |
LL |                 0 => continue,
   |                     -^^^^^^^^
   |                     |
   |                     help: remove this: `{}`

error: this `continue` expression is redundant
  --> tests/ui/needless_continue.rs:66:25
   |
LL |                       if true {
   |  ______________________________-
LL | |                         continue;
   | |_________________________^^^^^^^^- help: remove this

error: this `continue` expression is redundant
  --> tests/ui/needless_continue.rs:75:17
   |
LL |                   let _ = 1;
   |  ___________________________-
LL | |                 continue;
   | |_________________^^^^^^^^- help: remove this

error: this `continue` expression is redundant
  --> tests/ui/needless_continue.rs:85:22
   |
LL |                 1 => continue 'inner,
   |                     -^^^^^^^^^^^^^^^
   |                     |
   |                     help: remove this: `{}`

error: this `continue` expression is redundant
  --> tests/ui/needless_continue.rs:86:22
   |
LL |                 _ => continue,
   |                     -^^^^^^^^
   |                     |
   |                     help: remove this: `{}`

error: this `continue` expression is redundant
  --> tests/ui/needless_continue.rs:95:22
   |
LL |                 1 => continue,
   |                     -^^^^^^^^
   |                     |
   |                     help: remove this: `{}`

error: this `continue` expression is redundant
  --> tests/ui/needless_continue.rs:116:13
   |
LL |           loop {
   |  _______________-
LL | |             continue;
   | |_____________^^^^^^^^- help: remove this
   |
   = note: this error originates in the macro `__inline_mac_fn_main` (in Nightly builds, run with -Z macro-backtrace for more info)

error: this `continue` expression is redundant
  --> tests/ui/needless_continue.rs:141:17
   |
LL |               } else {
   |  _____________________-
LL | |                 continue;
   | |_________________^^^^^^^^- help: remove this
   |
   = note: this error originates in the macro `__inline_mac_fn_main` (in Nightly builds, run with -Z macro-backtrace for more info)

error: aborting due to 15 previous errors

