error: use of `&mut` on an iterator in a method chain
  --> $DIR/ref_mut_iter_method_chain.rs:18:13
   |
LL |     let _ = (&mut iter).find(|&&x| x == 1);
   |             ^^^^^^^^^^^ help: try: `iter.by_ref()`
   |
   = note: `-D clippy::ref-mut-iter-method-chain` implied by `-D warnings`

error: use of `&mut` on an iterator in a method chain
  --> $DIR/ref_mut_iter_method_chain.rs:19:13
   |
LL |     let _ = (&mut m!(iter)).find(|&&x| x == 1);
   |             ^^^^^^^^^^^^^^^ help: try: `m!(iter).by_ref()`

error: use of `&mut` on an iterator in a method chain
  --> $DIR/ref_mut_iter_method_chain.rs:32:15
   |
LL |     for &x in (&mut iter).filter(|&&x| x % 2 == 0) {
   |               ^^^^^^^^^^^ help: try: `iter.by_ref()`

error: use of `&mut` on an iterator in a method chain
  --> $DIR/ref_mut_iter_method_chain.rs:37:5
   |
LL |     (&mut *iter).find(|&&x| x == 1);
   |     ^^^^^^^^^^^^ help: try: `iter.by_ref()`

error: use of `&mut` on an iterator in a method chain
  --> $DIR/ref_mut_iter_method_chain.rs:40:5
   |
LL |     (&mut **iter).find(|&&x| x == 1);
   |     ^^^^^^^^^^^^^ help: try: `(*iter).by_ref()`

error: aborting due to 5 previous errors

