error: called `is_some()` after searching an `Iterator` with `find`
  --> $DIR/search_is_some_fixable_some.rs:9:22
   |
LL |     let _ = v.iter().find(|&x| *x < 0).is_some();
   |                      ^^^^^^^^^^^^^^^^^^^^^^^^^^^ help: consider using: `any(|x| *x < 0)`
   |
   = note: `-D clippy::search-is-some` implied by `-D warnings`
   = help: to override `-D warnings` add `#[allow(clippy::search_is_some)]`

error: called `is_some()` after searching an `Iterator` with `find`
  --> $DIR/search_is_some_fixable_some.rs:12:20
   |
LL |     let _ = (0..1).find(|x| **y == *x).is_some(); // one dereference less
   |                    ^^^^^^^^^^^^^^^^^^^^^^^^^^^^^ help: consider using: `any(|x| **y == x)`

error: called `is_some()` after searching an `Iterator` with `find`
  --> $DIR/search_is_some_fixable_some.rs:13:20
   |
LL |     let _ = (0..1).find(|x| *x == 0).is_some();
   |                    ^^^^^^^^^^^^^^^^^^^^^^^^^^^ help: consider using: `any(|x| x == 0)`

error: called `is_some()` after searching an `Iterator` with `find`
  --> $DIR/search_is_some_fixable_some.rs:14:22
   |
LL |     let _ = v.iter().find(|x| **x == 0).is_some();
   |                      ^^^^^^^^^^^^^^^^^^^^^^^^^^^^ help: consider using: `any(|x| *x == 0)`

error: called `is_some()` after searching an `Iterator` with `find`
  --> $DIR/search_is_some_fixable_some.rs:16:20
   |
LL |     let _ = (4..5).find(|x| *x == 1 || *x == 3 || *x == 5).is_some();
   |                    ^^^^^^^^^^^^^^^^^^^^^^^^^^^^^^^^^^^^^^^^^^^^^^^^^ help: consider using: `any(|x| x == 1 || x == 3 || x == 5)`

error: called `is_some()` after searching an `Iterator` with `find`
  --> $DIR/search_is_some_fixable_some.rs:18:20
   |
LL |     let _ = (1..3).find(|x| [1, 2, 3].contains(x)).is_some();
   |                    ^^^^^^^^^^^^^^^^^^^^^^^^^^^^^^^^^^^^^^^^^ help: consider using: `any(|x| [1, 2, 3].contains(&x))`

error: called `is_some()` after searching an `Iterator` with `find`
  --> $DIR/search_is_some_fixable_some.rs:20:20
   |
LL |     let _ = (1..3).find(|x| *x == 0 || [1, 2, 3].contains(x)).is_some();
   |                    ^^^^^^^^^^^^^^^^^^^^^^^^^^^^^^^^^^^^^^^^^^^^^^^^^^^^ help: consider using: `any(|x| x == 0 || [1, 2, 3].contains(&x))`

error: called `is_some()` after searching an `Iterator` with `find`
  --> $DIR/search_is_some_fixable_some.rs:22:20
   |
LL |     let _ = (1..3).find(|x| [1, 2, 3].contains(x) || *x == 0).is_some();
   |                    ^^^^^^^^^^^^^^^^^^^^^^^^^^^^^^^^^^^^^^^^^^^^^^^^^^^^ help: consider using: `any(|x| [1, 2, 3].contains(&x) || x == 0)`

error: called `is_some()` after searching an `Iterator` with `find`
  --> $DIR/search_is_some_fixable_some.rs:26:10
   |
LL |           .find(|x| [1, 2, 3].contains(x) || *x == 0 || [4, 5, 6].contains(x) || *x == -1)
   |  __________^
LL | |         .is_some();
   | |__________________^ help: consider using: `any(|x| [1, 2, 3].contains(&x) || x == 0 || [4, 5, 6].contains(&x) || x == -1)`

error: called `is_some()` after searching an `Iterator` with `position`
  --> $DIR/search_is_some_fixable_some.rs:30:22
   |
LL |     let _ = v.iter().position(|&x| x < 0).is_some();
   |                      ^^^^^^^^^^^^^^^^^^^^^^^^^^^^^^ help: consider using: `any(|&x| x < 0)`

error: called `is_some()` after searching an `Iterator` with `rposition`
  --> $DIR/search_is_some_fixable_some.rs:34:22
   |
LL |     let _ = v.iter().rposition(|&x| x < 0).is_some();
   |                      ^^^^^^^^^^^^^^^^^^^^^^^^^^^^^^^ help: consider using: `any(|&x| x < 0)`

error: called `is_some()` after calling `find()` on a string
  --> $DIR/search_is_some_fixable_some.rs:40:27
   |
LL |     let _ = "hello world".find("world").is_some();
   |                           ^^^^^^^^^^^^^^^^^^^^^^^ help: consider using: `contains("world")`

error: called `is_some()` after calling `find()` on a string
  --> $DIR/search_is_some_fixable_some.rs:42:27
   |
LL |     let _ = "hello world".find(&s2).is_some();
   |                           ^^^^^^^^^^^^^^^^^^^ help: consider using: `contains(&s2)`

error: called `is_some()` after calling `find()` on a string
  --> $DIR/search_is_some_fixable_some.rs:43:27
   |
LL |     let _ = "hello world".find(&s2[2..]).is_some();
   |                           ^^^^^^^^^^^^^^^^^^^^^^^^ help: consider using: `contains(&s2[2..])`

error: called `is_some()` after calling `find()` on a string
  --> $DIR/search_is_some_fixable_some.rs:46:16
   |
LL |     let _ = s1.find("world").is_some();
   |                ^^^^^^^^^^^^^^^^^^^^^^^ help: consider using: `contains("world")`

error: called `is_some()` after calling `find()` on a string
  --> $DIR/search_is_some_fixable_some.rs:47:16
   |
LL |     let _ = s1.find(&s2).is_some();
   |                ^^^^^^^^^^^^^^^^^^^ help: consider using: `contains(&s2)`

error: called `is_some()` after calling `find()` on a string
  --> $DIR/search_is_some_fixable_some.rs:48:16
   |
LL |     let _ = s1.find(&s2[2..]).is_some();
   |                ^^^^^^^^^^^^^^^^^^^^^^^^ help: consider using: `contains(&s2[2..])`

error: called `is_some()` after calling `find()` on a string
  --> $DIR/search_is_some_fixable_some.rs:50:21
   |
LL |     let _ = s1[2..].find("world").is_some();
   |                     ^^^^^^^^^^^^^^^^^^^^^^^ help: consider using: `contains("world")`

error: called `is_some()` after calling `find()` on a string
  --> $DIR/search_is_some_fixable_some.rs:51:21
   |
LL |     let _ = s1[2..].find(&s2).is_some();
   |                     ^^^^^^^^^^^^^^^^^^^ help: consider using: `contains(&s2)`

error: called `is_some()` after calling `find()` on a string
  --> $DIR/search_is_some_fixable_some.rs:52:21
   |
LL |     let _ = s1[2..].find(&s2[2..]).is_some();
   |                     ^^^^^^^^^^^^^^^^^^^^^^^^ help: consider using: `contains(&s2[2..])`

error: called `is_some()` after searching an `Iterator` with `find`
  --> $DIR/search_is_some_fixable_some.rs:68:44
   |
LL |             .filter(|c| filter_hand.iter().find(|cc| c == cc).is_some())
   |                                            ^^^^^^^^^^^^^^^^^^^^^^^^^^^^ help: consider using: `any(|cc| c == &cc)`

error: called `is_some()` after searching an `Iterator` with `find`
  --> $DIR/search_is_some_fixable_some.rs:85:49
   |
LL |             .filter(|(c, _)| filter_hand.iter().find(|cc| c == *cc).is_some())
   |                                                 ^^^^^^^^^^^^^^^^^^^^^^^^^^^^^ help: consider using: `any(|cc| c == cc)`

error: called `is_some()` after searching an `Iterator` with `find`
  --> $DIR/search_is_some_fixable_some.rs:97:29
   |
LL |         let _ = vfoo.iter().find(|v| v.foo == 1 && v.bar == 2).is_some();
   |                             ^^^^^^^^^^^^^^^^^^^^^^^^^^^^^^^^^^^^^^^^^^^^ help: consider using: `any(|v| v.foo == 1 && v.bar == 2)`

error: called `is_some()` after searching an `Iterator` with `find`
  --> $DIR/search_is_some_fixable_some.rs:104:14
   |
LL |               .find(|(i, v)| *i == 42 && v.foo == 1 && v.bar == 2)
   |  ______________^
LL | |             .is_some();
   | |______________________^ help: consider using: `any(|(i, v)| *i == 42 && v.foo == 1 && v.bar == 2)`

error: called `is_some()` after searching an `Iterator` with `find`
  --> $DIR/search_is_some_fixable_some.rs:110:29
   |
LL |         let _ = vfoo.iter().find(|a| a[0] == 42).is_some();
   |                             ^^^^^^^^^^^^^^^^^^^^^^^^^^^^^^ help: consider using: `any(|a| a[0] == 42)`

error: called `is_some()` after searching an `Iterator` with `find`
  --> $DIR/search_is_some_fixable_some.rs:117:29
   |
LL |         let _ = vfoo.iter().find(|sub| sub[1..4].len() == 3).is_some();
   |                             ^^^^^^^^^^^^^^^^^^^^^^^^^^^^^^^^^^^^^^^^^^ help: consider using: `any(|sub| sub[1..4].len() == 3)`

error: called `is_some()` after searching an `Iterator` with `find`
  --> $DIR/search_is_some_fixable_some.rs:136:30
   |
LL |         let _ = [ppx].iter().find(|ppp_x: &&&u32| please(**ppp_x)).is_some();
   |                              ^^^^^^^^^^^^^^^^^^^^^^^^^^^^^^^^^^^^^^^^^^^^^^^ help: consider using: `any(|ppp_x: &&u32| please(ppp_x))`

error: called `is_some()` after searching an `Iterator` with `find`
  --> $DIR/search_is_some_fixable_some.rs:138:50
   |
LL |         let _ = [String::from("Hey hey")].iter().find(|s| s.len() == 2).is_some();
   |                                                  ^^^^^^^^^^^^^^^^^^^^^^^^^^^^^^^^ help: consider using: `any(|s| s.len() == 2)`

error: called `is_some()` after searching an `Iterator` with `find`
  --> $DIR/search_is_some_fixable_some.rs:142:26
   |
LL |         let _ = v.iter().find(|x| deref_enough(**x)).is_some();
   |                          ^^^^^^^^^^^^^^^^^^^^^^^^^^^^^^^^^^^^^ help: consider using: `any(|x| deref_enough(*x))`

error: called `is_some()` after searching an `Iterator` with `find`
  --> $DIR/search_is_some_fixable_some.rs:144:26
   |
LL |         let _ = v.iter().find(|x: &&u32| deref_enough(**x)).is_some();
   |                          ^^^^^^^^^^^^^^^^^^^^^^^^^^^^^^^^^^^^^^^^^^^^ help: consider using: `any(|x: &u32| deref_enough(*x))`

error: called `is_some()` after searching an `Iterator` with `find`
  --> $DIR/search_is_some_fixable_some.rs:148:26
   |
LL |         let _ = v.iter().find(|x| arg_no_deref(x)).is_some();
   |                          ^^^^^^^^^^^^^^^^^^^^^^^^^^^^^^^^^^^ help: consider using: `any(|x| arg_no_deref(&x))`

error: called `is_some()` after searching an `Iterator` with `find`
  --> $DIR/search_is_some_fixable_some.rs:151:26
   |
LL |         let _ = v.iter().find(|x: &&u32| arg_no_deref(x)).is_some();
   |                          ^^^^^^^^^^^^^^^^^^^^^^^^^^^^^^^^^^^^^^^^^^ help: consider using: `any(|x: &u32| arg_no_deref(&x))`

error: called `is_some()` after searching an `Iterator` with `find`
  --> $DIR/search_is_some_fixable_some.rs:175:14
   |
LL |               .find(|v| v.inner_double.bar[0][0] == 2 && v.inner.bar[0] == 2)
   |  ______________^
LL | |             .is_some();
   | |______________________^ help: consider using: `any(|v| v.inner_double.bar[0][0] == 2 && v.inner.bar[0] == 2)`

error: called `is_some()` after searching an `Iterator` with `find`
  --> $DIR/search_is_some_fixable_some.rs:189:29
   |
LL |         let _ = vfoo.iter().find(|v| v.inner[0].bar == 2).is_some();
   |                             ^^^^^^^^^^^^^^^^^^^^^^^^^^^^^^^^^^^^^^^ help: consider using: `any(|v| v.inner[0].bar == 2)`

error: called `is_some()` after searching an `Iterator` with `find`
  --> $DIR/search_is_some_fixable_some.rs:195:29
   |
LL |         let _ = vfoo.iter().find(|x| (**x)[0] == 9).is_some();
   |                             ^^^^^^^^^^^^^^^^^^^^^^^^^^^^^^^^^ help: consider using: `any(|x| (**x)[0] == 9)`

error: called `is_some()` after searching an `Iterator` with `find`
  --> $DIR/search_is_some_fixable_some.rs:209:29
   |
LL |         let _ = vfoo.iter().find(|v| v.by_ref(&v.bar)).is_some();
   |                             ^^^^^^^^^^^^^^^^^^^^^^^^^^^^^^^^^^^^ help: consider using: `any(|v| v.by_ref(&v.bar))`

error: called `is_some()` after searching an `Iterator` with `find`
  --> $DIR/search_is_some_fixable_some.rs:214:55
   |
LL |         let _ = [&(&1, 2), &(&3, 4), &(&5, 4)].iter().find(|(&x, y)| x == *y).is_some();
   |                                                       ^^^^^^^^^^^^^^^^^^^^^^^^^^^^^^^^^ help: consider using: `any(|(&x, y)| x == *y)`

error: called `is_some()` after searching an `Iterator` with `find`
  --> $DIR/search_is_some_fixable_some.rs:216:55
   |
LL |         let _ = [&(&1, 2), &(&3, 4), &(&5, 4)].iter().find(|&(&x, y)| x == *y).is_some();
   |                                                       ^^^^^^^^^^^^^^^^^^^^^^^^^^^^^^^^^^ help: consider using: `any(|(&x, y)| x == *y)`

error: called `is_some()` after searching an `Iterator` with `find`
  --> $DIR/search_is_some_fixable_some.rs:236:26
   |
LL |         let _ = v.iter().find(|s| s[0].is_empty()).is_some();
   |                          ^^^^^^^^^^^^^^^^^^^^^^^^^^^^^^^^^^^ help: consider using: `any(|s| s[0].is_empty())`

error: called `is_some()` after searching an `Iterator` with `find`
  --> $DIR/search_is_some_fixable_some.rs:238:26
   |
LL |         let _ = v.iter().find(|s| test_string_1(&s[0])).is_some();
   |                          ^^^^^^^^^^^^^^^^^^^^^^^^^^^^^^^^^^^^^^^^ help: consider using: `any(|s| test_string_1(&s[0]))`

error: called `is_some()` after searching an `Iterator` with `find`
  --> $DIR/search_is_some_fixable_some.rs:248:26
   |
LL |         let _ = v.iter().find(|fp| fp.field.is_power_of_two()).is_some();
   |                          ^^^^^^^^^^^^^^^^^^^^^^^^^^^^^^^^^^^^^^^^^^^^^^^ help: consider using: `any(|fp| fp.field.is_power_of_two())`

error: called `is_some()` after searching an `Iterator` with `find`
  --> $DIR/search_is_some_fixable_some.rs:250:26
   |
LL |         let _ = v.iter().find(|fp| test_u32_1(fp.field)).is_some();
   |                          ^^^^^^^^^^^^^^^^^^^^^^^^^^^^^^^^^^^^^^^^^ help: consider using: `any(|fp| test_u32_1(fp.field))`

error: called `is_some()` after searching an `Iterator` with `find`
  --> $DIR/search_is_some_fixable_some.rs:252:26
   |
LL |         let _ = v.iter().find(|fp| test_u32_2(*fp.field)).is_some();
   |                          ^^^^^^^^^^^^^^^^^^^^^^^^^^^^^^^^^^^^^^^^^^ help: consider using: `any(|fp| test_u32_2(*fp.field))`

error: called `is_some()` after searching an `Iterator` with `find`
  --> $DIR/search_is_some_fixable_some.rs:268:18
   |
LL |         v.iter().find(|x: &&u32| func(x)).is_some()
   |                  ^^^^^^^^^^^^^^^^^^^^^^^^^^^^^^^^^^ help: consider using: `any(|x: &u32| func(&x))`

error: called `is_some()` after searching an `Iterator` with `find`
  --> $DIR/search_is_some_fixable_some.rs:278:26
   |
LL |         let _ = v.iter().find(|x: &&u32| arg_no_deref_impl(x)).is_some();
   |                          ^^^^^^^^^^^^^^^^^^^^^^^^^^^^^^^^^^^^^^^^^^^^^^^ help: consider using: `any(|x: &u32| arg_no_deref_impl(&x))`

error: called `is_some()` after searching an `Iterator` with `find`
  --> $DIR/search_is_some_fixable_some.rs:282:26
   |
LL |         let _ = v.iter().find(|x: &&u32| arg_no_deref_dyn(x)).is_some();
   |                          ^^^^^^^^^^^^^^^^^^^^^^^^^^^^^^^^^^^^^^^^^^^^^^ help: consider using: `any(|x: &u32| arg_no_deref_dyn(&x))`

error: called `is_some()` after searching an `Iterator` with `find`
  --> $DIR/search_is_some_fixable_some.rs:286:26
   |
LL |         let _ = v.iter().find(|x: &&u32| (*arg_no_deref_dyn)(x)).is_some();
   |                          ^^^^^^^^^^^^^^^^^^^^^^^^^^^^^^^^^^^^^^^^^^^^^^^^^ help: consider using: `any(|x: &u32| (*arg_no_deref_dyn)(&x))`

error: aborting due to 47 previous errors

