error: you should use the `starts_with` method
  --> $DIR/starts_ends_with.rs:7:5
   |
LL |     "".chars().next() == Some(' ');
   |     ^^^^^^^^^^^^^^^^^^^^^^^^^^^^^^ help: like this: `"".starts_with(' ')`
   |
   = note: `-D clippy::chars-next-cmp` implied by `-D warnings`
   = help: to override `-D warnings` add `#[allow(clippy::chars_next_cmp)]`

error: you should use the `starts_with` method
  --> $DIR/starts_ends_with.rs:8:5
   |
LL |     Some(' ') != "".chars().next();
   |     ^^^^^^^^^^^^^^^^^^^^^^^^^^^^^^ help: like this: `!"".starts_with(' ')`

error: you should use the `starts_with` method
  --> $DIR/starts_ends_with.rs:11:5
   |
LL |     "".chars().next() == Some('\n');
   |     ^^^^^^^^^^^^^^^^^^^^^^^^^^^^^^^ help: like this: `"".starts_with('\n')`

error: you should use the `starts_with` method
  --> $DIR/starts_ends_with.rs:12:5
   |
LL |     Some('\n') != "".chars().next();
   |     ^^^^^^^^^^^^^^^^^^^^^^^^^^^^^^^ help: like this: `!"".starts_with('\n')`

error: you should use the `starts_with` method
  --> $DIR/starts_ends_with.rs:18:8
   |
LL |     if s.chars().next().unwrap() == 'f' {
   |        ^^^^^^^^^^^^^^^^^^^^^^^^^^^^^^^^ help: like this: `s.starts_with('f')`

error: you should use the `ends_with` method
  --> $DIR/starts_ends_with.rs:23:8
   |
LL |     if s.chars().next_back().unwrap() == 'o' {
   |        ^^^^^^^^^^^^^^^^^^^^^^^^^^^^^^^^^^^^^ help: like this: `s.ends_with('o')`
   |
   = note: `-D clippy::chars-last-cmp` implied by `-D warnings`
   = help: to override `-D warnings` add `#[allow(clippy::chars_last_cmp)]`

error: you should use the `ends_with` method
  --> $DIR/starts_ends_with.rs:28:8
   |
LL |     if s.chars().last().unwrap() == 'o' {
   |        ^^^^^^^^^^^^^^^^^^^^^^^^^^^^^^^^ help: like this: `s.ends_with('o')`

error: you should use the `starts_with` method
  --> $DIR/starts_ends_with.rs:33:8
   |
LL |     if s.chars().next().unwrap() != 'f' {
   |        ^^^^^^^^^^^^^^^^^^^^^^^^^^^^^^^^ help: like this: `!s.starts_with('f')`

error: you should use the `ends_with` method
  --> $DIR/starts_ends_with.rs:38:8
   |
LL |     if s.chars().next_back().unwrap() != 'o' {
   |        ^^^^^^^^^^^^^^^^^^^^^^^^^^^^^^^^^^^^^ help: like this: `!s.ends_with('o')`

error: you should use the `ends_with` method
  --> $DIR/starts_ends_with.rs:43:8
   |
LL |     if s.chars().last().unwrap() != '\n' {
   |        ^^^^^^^^^^^^^^^^^^^^^^^^^^^^^^^^^ help: like this: `!s.ends_with('\n')`

error: you should use the `ends_with` method
  --> $DIR/starts_ends_with.rs:51:5
   |
LL |     "".chars().last() == Some(' ');
   |     ^^^^^^^^^^^^^^^^^^^^^^^^^^^^^^ help: like this: `"".ends_with(' ')`

error: you should use the `ends_with` method
  --> $DIR/starts_ends_with.rs:52:5
   |
LL |     Some(' ') != "".chars().last();
   |     ^^^^^^^^^^^^^^^^^^^^^^^^^^^^^^ help: like this: `!"".ends_with(' ')`

error: you should use the `ends_with` method
  --> $DIR/starts_ends_with.rs:53:5
   |
LL |     "".chars().next_back() == Some(' ');
   |     ^^^^^^^^^^^^^^^^^^^^^^^^^^^^^^^^^^^ help: like this: `"".ends_with(' ')`

error: you should use the `ends_with` method
  --> $DIR/starts_ends_with.rs:54:5
   |
LL |     Some(' ') != "".chars().next_back();
   |     ^^^^^^^^^^^^^^^^^^^^^^^^^^^^^^^^^^^ help: like this: `!"".ends_with(' ')`

error: you should use the `ends_with` method
  --> $DIR/starts_ends_with.rs:57:5
   |
LL |     "".chars().last() == Some('\n');
   |     ^^^^^^^^^^^^^^^^^^^^^^^^^^^^^^^ help: like this: `"".ends_with('\n')`

error: you should use the `ends_with` method
  --> $DIR/starts_ends_with.rs:58:5
   |
LL |     Some('\n') != "".chars().last();
   |     ^^^^^^^^^^^^^^^^^^^^^^^^^^^^^^^ help: like this: `!"".ends_with('\n')`

error: aborting due to 16 previous errors

