error: unnecessary closure used to substitute value for `Option::None`
  --> $DIR/unnecessary_lazy_eval.rs:83:13
   |
LL |     let _ = opt.unwrap_or_else(|| 2);
   |             ^^^^--------------------
   |                 |
   |                 help: use `unwrap_or(..)` instead: `unwrap_or(2)`
   |
   = note: `-D clippy::unnecessary-lazy-evaluations` implied by `-D warnings`
   = help: to override `-D warnings` add `#[allow(clippy::unnecessary_lazy_evaluations)]`

error: unnecessary closure used to substitute value for `Option::None`
  --> $DIR/unnecessary_lazy_eval.rs:85:13
   |
LL |     let _ = opt.unwrap_or_else(|| astronomers_pi);
   |             ^^^^---------------------------------
   |                 |
   |                 help: use `unwrap_or(..)` instead: `unwrap_or(astronomers_pi)`

error: unnecessary closure used to substitute value for `Option::None`
  --> $DIR/unnecessary_lazy_eval.rs:87:13
   |
LL |     let _ = opt.unwrap_or_else(|| ext_str.some_field);
   |             ^^^^-------------------------------------
   |                 |
   |                 help: use `unwrap_or(..)` instead: `unwrap_or(ext_str.some_field)`

error: unnecessary closure used to substitute value for `Option::None`
  --> $DIR/unnecessary_lazy_eval.rs:90:13
   |
LL |     let _ = opt.and_then(|_| ext_opt);
   |             ^^^^---------------------
   |                 |
   |                 help: use `and(..)` instead: `and(ext_opt)`

error: unnecessary closure used to substitute value for `Option::None`
  --> $DIR/unnecessary_lazy_eval.rs:92:13
   |
LL |     let _ = opt.or_else(|| ext_opt);
   |             ^^^^-------------------
   |                 |
   |                 help: use `or(..)` instead: `or(ext_opt)`

error: unnecessary closure used to substitute value for `Option::None`
  --> $DIR/unnecessary_lazy_eval.rs:94:13
   |
LL |     let _ = opt.or_else(|| None);
   |             ^^^^----------------
   |                 |
   |                 help: use `or(..)` instead: `or(None)`

error: unnecessary closure used to substitute value for `Option::None`
  --> $DIR/unnecessary_lazy_eval.rs:95:13
   |
LL |     let _ = opt.get_or_insert_with(|| 2);
   |             ^^^^------------------------
   |                 |
   |                 help: use `get_or_insert(..)` instead: `get_or_insert(2)`

error: unnecessary closure used to substitute value for `Option::None`
  --> $DIR/unnecessary_lazy_eval.rs:97:13
   |
LL |     let _ = opt.ok_or_else(|| 2);
   |             ^^^^----------------
   |                 |
   |                 help: use `ok_or(..)` instead: `ok_or(2)`

error: unnecessary closure used to substitute value for `Option::None`
  --> $DIR/unnecessary_lazy_eval.rs:98:13
   |
LL |     let _ = nested_tuple_opt.unwrap_or_else(|| Some((1, 2)));
   |             ^^^^^^^^^^^^^^^^^-------------------------------
   |                              |
   |                              help: use `unwrap_or(..)` instead: `unwrap_or(Some((1, 2)))`

error: unnecessary closure used with `bool::then`
  --> $DIR/unnecessary_lazy_eval.rs:100:13
   |
LL |     let _ = cond.then(|| astronomers_pi);
   |             ^^^^^-----------------------
   |                  |
   |                  help: use `then_some(..)` instead: `then_some(astronomers_pi)`

error: unnecessary closure used with `bool::then`
  --> $DIR/unnecessary_lazy_eval.rs:102:13
   |
LL |     let _ = true.then(|| -> _ {});
   |             ^^^^^----------------
   |                  |
   |                  help: use `then_some(..)` instead: `then_some({})`

error: unnecessary closure used with `bool::then`
  --> $DIR/unnecessary_lazy_eval.rs:103:13
   |
LL |     let _ = true.then(|| {});
   |             ^^^^^-----------
   |                  |
   |                  help: use `then_some(..)` instead: `then_some({})`

error: unnecessary closure used to substitute value for `Option::None`
  --> $DIR/unnecessary_lazy_eval.rs:107:13
   |
LL |     let _ = Some(1).unwrap_or_else(|| *r);
   |             ^^^^^^^^---------------------
   |                     |
   |                     help: use `unwrap_or(..)` instead: `unwrap_or(*r)`

error: unnecessary closure used to substitute value for `Option::None`
  --> $DIR/unnecessary_lazy_eval.rs:110:13
   |
LL |     let _ = Some(1).unwrap_or_else(|| *b);
   |             ^^^^^^^^---------------------
   |                     |
   |                     help: use `unwrap_or(..)` instead: `unwrap_or(*b)`

error: unnecessary closure used to substitute value for `Option::None`
  --> $DIR/unnecessary_lazy_eval.rs:113:13
   |
LL |     let _ = Some(1).as_ref().unwrap_or_else(|| &r);
   |             ^^^^^^^^^^^^^^^^^---------------------
   |                              |
   |                              help: use `unwrap_or(..)` instead: `unwrap_or(&r)`

error: unnecessary closure used to substitute value for `Option::None`
  --> $DIR/unnecessary_lazy_eval.rs:115:13
   |
LL |     let _ = Some(1).as_ref().unwrap_or_else(|| &b);
   |             ^^^^^^^^^^^^^^^^^---------------------
   |                              |
   |                              help: use `unwrap_or(..)` instead: `unwrap_or(&b)`

error: unnecessary closure used to substitute value for `Option::None`
  --> $DIR/unnecessary_lazy_eval.rs:119:13
   |
LL |     let _ = Some(10).unwrap_or_else(|| 2);
   |             ^^^^^^^^^--------------------
   |                      |
   |                      help: use `unwrap_or(..)` instead: `unwrap_or(2)`

error: unnecessary closure used to substitute value for `Option::None`
  --> $DIR/unnecessary_lazy_eval.rs:121:13
   |
LL |     let _ = Some(10).and_then(|_| ext_opt);
   |             ^^^^^^^^^---------------------
   |                      |
   |                      help: use `and(..)` instead: `and(ext_opt)`

error: unnecessary closure used to substitute value for `Option::None`
  --> $DIR/unnecessary_lazy_eval.rs:123:28
   |
LL |     let _: Option<usize> = None.or_else(|| ext_opt);
   |                            ^^^^^-------------------
   |                                 |
   |                                 help: use `or(..)` instead: `or(ext_opt)`

error: unnecessary closure used to substitute value for `Option::None`
  --> $DIR/unnecessary_lazy_eval.rs:125:13
   |
LL |     let _ = None.get_or_insert_with(|| 2);
   |             ^^^^^------------------------
   |                  |
   |                  help: use `get_or_insert(..)` instead: `get_or_insert(2)`

error: unnecessary closure used to substitute value for `Option::None`
  --> $DIR/unnecessary_lazy_eval.rs:127:35
   |
LL |     let _: Result<usize, usize> = None.ok_or_else(|| 2);
   |                                   ^^^^^----------------
   |                                        |
   |                                        help: use `ok_or(..)` instead: `ok_or(2)`

error: unnecessary closure used to substitute value for `Option::None`
  --> $DIR/unnecessary_lazy_eval.rs:129:28
   |
LL |     let _: Option<usize> = None.or_else(|| None);
   |                            ^^^^^----------------
   |                                 |
   |                                 help: use `or(..)` instead: `or(None)`

error: unnecessary closure used to substitute value for `Option::None`
  --> $DIR/unnecessary_lazy_eval.rs:133:13
   |
LL |     let _ = deep.0.unwrap_or_else(|| 2);
   |             ^^^^^^^--------------------
   |                    |
   |                    help: use `unwrap_or(..)` instead: `unwrap_or(2)`

error: unnecessary closure used to substitute value for `Option::None`
  --> $DIR/unnecessary_lazy_eval.rs:135:13
   |
LL |     let _ = deep.0.and_then(|_| ext_opt);
   |             ^^^^^^^---------------------
   |                    |
   |                    help: use `and(..)` instead: `and(ext_opt)`

error: unnecessary closure used to substitute value for `Option::None`
  --> $DIR/unnecessary_lazy_eval.rs:137:13
   |
LL |     let _ = deep.0.or_else(|| None);
   |             ^^^^^^^----------------
   |                    |
   |                    help: use `or(..)` instead: `or(None)`

error: unnecessary closure used to substitute value for `Option::None`
  --> $DIR/unnecessary_lazy_eval.rs:139:13
   |
LL |     let _ = deep.0.get_or_insert_with(|| 2);
   |             ^^^^^^^------------------------
   |                    |
   |                    help: use `get_or_insert(..)` instead: `get_or_insert(2)`

error: unnecessary closure used to substitute value for `Option::None`
  --> $DIR/unnecessary_lazy_eval.rs:141:13
   |
LL |     let _ = deep.0.ok_or_else(|| 2);
   |             ^^^^^^^----------------
   |                    |
   |                    help: use `ok_or(..)` instead: `ok_or(2)`

error: unnecessary closure used to substitute value for `Option::None`
  --> $DIR/unnecessary_lazy_eval.rs:173:28
   |
LL |     let _: Option<usize> = None.or_else(|| Some(3));
   |                            ^^^^^-------------------
   |                                 |
   |                                 help: use `or(..)` instead: `or(Some(3))`

error: unnecessary closure used to substitute value for `Option::None`
  --> $DIR/unnecessary_lazy_eval.rs:175:13
   |
LL |     let _ = deep.0.or_else(|| Some(3));
   |             ^^^^^^^-------------------
   |                    |
   |                    help: use `or(..)` instead: `or(Some(3))`

error: unnecessary closure used to substitute value for `Option::None`
  --> $DIR/unnecessary_lazy_eval.rs:177:13
   |
LL |     let _ = opt.or_else(|| Some(3));
   |             ^^^^-------------------
   |                 |
   |                 help: use `or(..)` instead: `or(Some(3))`

error: unnecessary closure used to substitute value for `Result::Err`
  --> $DIR/unnecessary_lazy_eval.rs:184:13
   |
LL |     let _ = res2.unwrap_or_else(|_| 2);
   |             ^^^^^---------------------
   |                  |
   |                  help: use `unwrap_or(..)` instead: `unwrap_or(2)`

error: unnecessary closure used to substitute value for `Result::Err`
  --> $DIR/unnecessary_lazy_eval.rs:186:13
   |
LL |     let _ = res2.unwrap_or_else(|_| astronomers_pi);
   |             ^^^^^----------------------------------
   |                  |
   |                  help: use `unwrap_or(..)` instead: `unwrap_or(astronomers_pi)`

error: unnecessary closure used to substitute value for `Result::Err`
  --> $DIR/unnecessary_lazy_eval.rs:188:13
   |
LL |     let _ = res2.unwrap_or_else(|_| ext_str.some_field);
   |             ^^^^^--------------------------------------
   |                  |
   |                  help: use `unwrap_or(..)` instead: `unwrap_or(ext_str.some_field)`

error: unnecessary closure used to substitute value for `Result::Err`
  --> $DIR/unnecessary_lazy_eval.rs:211:35
   |
LL |     let _: Result<usize, usize> = res.and_then(|_| Err(2));
   |                                   ^^^^--------------------
   |                                       |
   |                                       help: use `and(..)` instead: `and(Err(2))`

error: unnecessary closure used to substitute value for `Result::Err`
  --> $DIR/unnecessary_lazy_eval.rs:213:35
   |
LL |     let _: Result<usize, usize> = res.and_then(|_| Err(astronomers_pi));
   |                                   ^^^^---------------------------------
   |                                       |
   |                                       help: use `and(..)` instead: `and(Err(astronomers_pi))`

error: unnecessary closure used to substitute value for `Result::Err`
  --> $DIR/unnecessary_lazy_eval.rs:215:35
   |
LL |     let _: Result<usize, usize> = res.and_then(|_| Err(ext_str.some_field));
   |                                   ^^^^-------------------------------------
   |                                       |
   |                                       help: use `and(..)` instead: `and(Err(ext_str.some_field))`

error: unnecessary closure used to substitute value for `Result::Err`
  --> $DIR/unnecessary_lazy_eval.rs:218:35
   |
LL |     let _: Result<usize, usize> = res.or_else(|_| Ok(2));
   |                                   ^^^^------------------
   |                                       |
   |                                       help: use `or(..)` instead: `or(Ok(2))`

error: unnecessary closure used to substitute value for `Result::Err`
  --> $DIR/unnecessary_lazy_eval.rs:220:35
   |
LL |     let _: Result<usize, usize> = res.or_else(|_| Ok(astronomers_pi));
   |                                   ^^^^-------------------------------
   |                                       |
   |                                       help: use `or(..)` instead: `or(Ok(astronomers_pi))`

error: unnecessary closure used to substitute value for `Result::Err`
  --> $DIR/unnecessary_lazy_eval.rs:222:35
   |
LL |     let _: Result<usize, usize> = res.or_else(|_| Ok(ext_str.some_field));
   |                                   ^^^^-----------------------------------
   |                                       |
   |                                       help: use `or(..)` instead: `or(Ok(ext_str.some_field))`

error: unnecessary closure used to substitute value for `Result::Err`
  --> $DIR/unnecessary_lazy_eval.rs:226:35
   |
LL |       let _: Result<usize, usize> = res.
   |  ___________________________________^
LL | |     // some lines
LL | |     // some lines
LL | |     // some lines
...  |
LL | |     // some lines
LL | |     or_else(|_| Ok(ext_str.some_field));
   | |_____----------------------------------^
   |       |
   |       help: use `or(..)` instead: `or(Ok(ext_str.some_field))`

error: unnecessary closure used with `bool::then`
  --> $DIR/unnecessary_lazy_eval.rs:256:14
   |
LL |     let _x = false.then(|| i32::MAX + 1);
   |              ^^^^^^---------------------
   |                    |
   |                    help: use `then_some(..)` instead: `then_some(i32::MAX + 1)`

error: unnecessary closure used with `bool::then`
  --> $DIR/unnecessary_lazy_eval.rs:258:14
   |
LL |     let _x = false.then(|| i32::MAX * 2);
   |              ^^^^^^---------------------
   |                    |
   |                    help: use `then_some(..)` instead: `then_some(i32::MAX * 2)`

error: unnecessary closure used with `bool::then`
  --> $DIR/unnecessary_lazy_eval.rs:260:14
   |
LL |     let _x = false.then(|| i32::MAX - 1);
   |              ^^^^^^---------------------
   |                    |
   |                    help: use `then_some(..)` instead: `then_some(i32::MAX - 1)`

error: unnecessary closure used with `bool::then`
  --> $DIR/unnecessary_lazy_eval.rs:262:14
   |
LL |     let _x = false.then(|| i32::MIN - 1);
   |              ^^^^^^---------------------
   |                    |
   |                    help: use `then_some(..)` instead: `then_some(i32::MIN - 1)`

error: unnecessary closure used with `bool::then`
  --> $DIR/unnecessary_lazy_eval.rs:264:14
   |
LL |     let _x = false.then(|| (1 + 2 * 3 - 2 / 3 + 9) << 2);
   |              ^^^^^^-------------------------------------
   |                    |
   |                    help: use `then_some(..)` instead: `then_some((1 + 2 * 3 - 2 / 3 + 9) << 2)`

error: unnecessary closure used with `bool::then`
  --> $DIR/unnecessary_lazy_eval.rs:266:14
   |
LL |     let _x = false.then(|| 255u8 << 7);
   |              ^^^^^^-------------------
   |                    |
   |                    help: use `then_some(..)` instead: `then_some(255u8 << 7)`

error: unnecessary closure used with `bool::then`
  --> $DIR/unnecessary_lazy_eval.rs:268:14
   |
LL |     let _x = false.then(|| 255u8 << 8);
   |              ^^^^^^-------------------
   |                    |
   |                    help: use `then_some(..)` instead: `then_some(255u8 << 8)`

error: unnecessary closure used with `bool::then`
  --> $DIR/unnecessary_lazy_eval.rs:270:14
   |
LL |     let _x = false.then(|| 255u8 >> 8);
   |              ^^^^^^-------------------
   |                    |
   |                    help: use `then_some(..)` instead: `then_some(255u8 >> 8)`

error: unnecessary closure used with `bool::then`
  --> $DIR/unnecessary_lazy_eval.rs:273:14
   |
LL |     let _x = false.then(|| i32::MAX + -1);
   |              ^^^^^^----------------------
   |                    |
   |                    help: use `then_some(..)` instead: `then_some(i32::MAX + -1)`

error: unnecessary closure used with `bool::then`
  --> $DIR/unnecessary_lazy_eval.rs:275:14
   |
LL |     let _x = false.then(|| -i32::MAX);
   |              ^^^^^^------------------
   |                    |
   |                    help: use `then_some(..)` instead: `then_some(-i32::MAX)`

error: unnecessary closure used with `bool::then`
  --> $DIR/unnecessary_lazy_eval.rs:277:14
   |
LL |     let _x = false.then(|| -i32::MIN);
   |              ^^^^^^------------------
   |                    |
   |                    help: use `then_some(..)` instead: `then_some(-i32::MIN)`

error: unnecessary closure used with `bool::then`
  --> $DIR/unnecessary_lazy_eval.rs:280:14
   |
LL |     let _x = false.then(|| 255 >> -7);
   |              ^^^^^^------------------
   |                    |
   |                    help: use `then_some(..)` instead: `then_some(255 >> -7)`

error: unnecessary closure used with `bool::then`
  --> $DIR/unnecessary_lazy_eval.rs:282:14
   |
LL |     let _x = false.then(|| 255 << -1);
   |              ^^^^^^------------------
   |                    |
   |                    help: use `then_some(..)` instead: `then_some(255 << -1)`

error: unnecessary closure used with `bool::then`
  --> $DIR/unnecessary_lazy_eval.rs:284:14
   |
LL |     let _x = false.then(|| 1 / 0);
   |              ^^^^^^--------------
   |                    |
   |                    help: use `then_some(..)` instead: `then_some(1 / 0)`

error: unnecessary closure used with `bool::then`
  --> $DIR/unnecessary_lazy_eval.rs:286:14
   |
LL |     let _x = false.then(|| x << -1);
   |              ^^^^^^----------------
   |                    |
   |                    help: use `then_some(..)` instead: `then_some(x << -1)`

error: unnecessary closure used with `bool::then`
  --> $DIR/unnecessary_lazy_eval.rs:288:14
   |
LL |     let _x = false.then(|| x << 2);
   |              ^^^^^^---------------
   |                    |
   |                    help: use `then_some(..)` instead: `then_some(x << 2)`

error: unnecessary closure used with `bool::then`
  --> $DIR/unnecessary_lazy_eval.rs:298:14
   |
LL |     let _x = false.then(|| x / 0);
   |              ^^^^^^--------------
   |                    |
   |                    help: use `then_some(..)` instead: `then_some(x / 0)`

error: unnecessary closure used with `bool::then`
  --> $DIR/unnecessary_lazy_eval.rs:300:14
   |
LL |     let _x = false.then(|| x % 0);
   |              ^^^^^^--------------
   |                    |
   |                    help: use `then_some(..)` instead: `then_some(x % 0)`

error: unnecessary closure used with `bool::then`
  --> $DIR/unnecessary_lazy_eval.rs:303:14
   |
LL |     let _x = false.then(|| 1 / -1);
   |              ^^^^^^---------------
   |                    |
   |                    help: use `then_some(..)` instead: `then_some(1 / -1)`

error: unnecessary closure used with `bool::then`
  --> $DIR/unnecessary_lazy_eval.rs:305:14
   |
LL |     let _x = false.then(|| i32::MIN / -1);
   |              ^^^^^^----------------------
   |                    |
   |                    help: use `then_some(..)` instead: `then_some(i32::MIN / -1)`

error: unnecessary closure used with `bool::then`
  --> $DIR/unnecessary_lazy_eval.rs:308:14
   |
LL |     let _x = false.then(|| i32::MIN / 0);
   |              ^^^^^^---------------------
   |                    |
   |                    help: use `then_some(..)` instead: `then_some(i32::MIN / 0)`

error: unnecessary closure used with `bool::then`
  --> $DIR/unnecessary_lazy_eval.rs:310:14
   |
LL |     let _x = false.then(|| 4 / 2);
   |              ^^^^^^--------------
   |                    |
   |                    help: use `then_some(..)` instead: `then_some(4 / 2)`

error: unnecessary closure used with `bool::then`
  --> $DIR/unnecessary_lazy_eval.rs:318:14
   |
LL |     let _x = false.then(|| f1 + f2);
   |              ^^^^^^----------------
   |                    |
   |                    help: use `then_some(..)` instead: `then_some(f1 + f2)`

error: aborting due to 63 previous errors

