error: unnecessary structure name repetition
  --> $DIR/use_self.rs:22:21
   |
LL |         fn new() -> Foo {
   |                     ^^^ help: use the applicable keyword: `Self`
   |
   = note: `-D clippy::use-self` implied by `-D warnings`
   = help: to override `-D warnings` add `#[allow(clippy::use_self)]`

error: unnecessary structure name repetition
  --> $DIR/use_self.rs:23:13
   |
LL |             Foo {}
   |             ^^^ help: use the applicable keyword: `Self`

error: unnecessary structure name repetition
  --> $DIR/use_self.rs:26:22
   |
LL |         fn test() -> Foo {
   |                      ^^^ help: use the applicable keyword: `Self`

error: unnecessary structure name repetition
  --> $DIR/use_self.rs:27:13
   |
LL |             Foo::new()
   |             ^^^ help: use the applicable keyword: `Self`

error: unnecessary structure name repetition
  --> $DIR/use_self.rs:33:25
   |
LL |         fn default() -> Foo {
   |                         ^^^ help: use the applicable keyword: `Self`

error: unnecessary structure name repetition
  --> $DIR/use_self.rs:34:13
   |
LL |             Foo::new()
   |             ^^^ help: use the applicable keyword: `Self`

error: unnecessary structure name repetition
  --> $DIR/use_self.rs:101:24
   |
LL |         fn bad(foos: &[Foo]) -> impl Iterator<Item = &Foo> {
   |                        ^^^ help: use the applicable keyword: `Self`

error: unnecessary structure name repetition
  --> $DIR/use_self.rs:101:55
   |
LL |         fn bad(foos: &[Foo]) -> impl Iterator<Item = &Foo> {
   |                                                       ^^^ help: use the applicable keyword: `Self`

error: unnecessary structure name repetition
  --> $DIR/use_self.rs:116:13
   |
LL |             TS(0)
   |             ^^ help: use the applicable keyword: `Self`

error: unnecessary structure name repetition
  --> $DIR/use_self.rs:152:29
   |
LL |                 fn bar() -> Bar {
   |                             ^^^ help: use the applicable keyword: `Self`

error: unnecessary structure name repetition
  --> $DIR/use_self.rs:153:21
   |
LL |                     Bar { foo: Foo {} }
   |                     ^^^ help: use the applicable keyword: `Self`

error: unnecessary structure name repetition
  --> $DIR/use_self.rs:165:21
   |
LL |         fn baz() -> Foo {
   |                     ^^^ help: use the applicable keyword: `Self`

error: unnecessary structure name repetition
  --> $DIR/use_self.rs:166:13
   |
LL |             Foo {}
   |             ^^^ help: use the applicable keyword: `Self`

error: unnecessary structure name repetition
  --> $DIR/use_self.rs:183:21
   |
LL |             let _ = Enum::B(42);
   |                     ^^^^ help: use the applicable keyword: `Self`

error: unnecessary structure name repetition
  --> $DIR/use_self.rs:184:21
   |
LL |             let _ = Enum::C { field: true };
   |                     ^^^^ help: use the applicable keyword: `Self`

error: unnecessary structure name repetition
  --> $DIR/use_self.rs:185:21
   |
LL |             let _ = Enum::A;
   |                     ^^^^ help: use the applicable keyword: `Self`

error: unnecessary structure name repetition
  --> $DIR/use_self.rs:227:13
   |
LL |             nested::A::fun_1();
   |             ^^^^^^^^^ help: use the applicable keyword: `Self`

error: unnecessary structure name repetition
  --> $DIR/use_self.rs:228:13
   |
LL |             nested::A::A;
   |             ^^^^^^^^^ help: use the applicable keyword: `Self`

error: unnecessary structure name repetition
  --> $DIR/use_self.rs:230:13
   |
LL |             nested::A {};
   |             ^^^^^^^^^ help: use the applicable keyword: `Self`

error: unnecessary structure name repetition
  --> $DIR/use_self.rs:249:13
   |
LL |             TestStruct::from_something()
   |             ^^^^^^^^^^ help: use the applicable keyword: `Self`

error: unnecessary structure name repetition
  --> $DIR/use_self.rs:264:25
   |
LL |         async fn g() -> S {
   |                         ^ help: use the applicable keyword: `Self`

error: unnecessary structure name repetition
  --> $DIR/use_self.rs:265:13
   |
LL |             S {}
   |             ^ help: use the applicable keyword: `Self`

error: unnecessary structure name repetition
  --> $DIR/use_self.rs:269:16
   |
LL |             &p[S::A..S::B]
   |                ^ help: use the applicable keyword: `Self`

error: unnecessary structure name repetition
  --> $DIR/use_self.rs:269:22
   |
LL |             &p[S::A..S::B]
   |                      ^ help: use the applicable keyword: `Self`

error: unnecessary structure name repetition
  --> $DIR/use_self.rs:295:29
   |
LL |         fn foo(value: T) -> Foo<T> {
   |                             ^^^^^^ help: use the applicable keyword: `Self`

error: unnecessary structure name repetition
  --> $DIR/use_self.rs:296:13
   |
LL |             Foo::<T> { value }
   |             ^^^^^^^^ help: use the applicable keyword: `Self`

error: unnecessary structure name repetition
  --> $DIR/use_self.rs:468:13
   |
LL |             A::new::<submod::B>(submod::B {})
   |             ^ help: use the applicable keyword: `Self`

error: unnecessary structure name repetition
  --> $DIR/use_self.rs:505:13
   |
LL |             S2::new()
   |             ^^ help: use the applicable keyword: `Self`

error: unnecessary structure name repetition
  --> $DIR/use_self.rs:542:17
   |
LL |                 Foo::Bar => unimplemented!(),
   |                 ^^^ help: use the applicable keyword: `Self`

error: unnecessary structure name repetition
  --> $DIR/use_self.rs:543:17
   |
LL |                 Foo::Baz => unimplemented!(),
   |                 ^^^ help: use the applicable keyword: `Self`

error: unnecessary structure name repetition
  --> $DIR/use_self.rs:550:20
   |
LL |             if let Foo::Bar = self {
   |                    ^^^ help: use the applicable keyword: `Self`

error: unnecessary structure name repetition
  --> $DIR/use_self.rs:574:17
   |
LL |                 Something::Num(n) => *n,
   |                 ^^^^^^^^^ help: use the applicable keyword: `Self`

error: unnecessary structure name repetition
  --> $DIR/use_self.rs:575:17
   |
LL |                 Something::TupleNums(n, _m) => *n,
   |                 ^^^^^^^^^ help: use the applicable keyword: `Self`

error: unnecessary structure name repetition
  --> $DIR/use_self.rs:576:17
   |
LL |                 Something::StructNums { one, two: _ } => *one,
   |                 ^^^^^^^^^ help: use the applicable keyword: `Self`

error: unnecessary structure name repetition
  --> $DIR/use_self.rs:583:17
   |
LL |                 crate::issue8845::Something::Num(n) => *n,
   |                 ^^^^^^^^^^^^^^^^^^^^^^^^^^^ help: use the applicable keyword: `Self`

error: unnecessary structure name repetition
  --> $DIR/use_self.rs:585:17
   |
LL |                 crate::issue8845::Something::TupleNums(n, _m) => *n,
   |                 ^^^^^^^^^^^^^^^^^^^^^^^^^^^ help: use the applicable keyword: `Self`

error: unnecessary structure name repetition
  --> $DIR/use_self.rs:587:17
   |
LL |                 crate::issue8845::Something::StructNums { one, two: _ } => *one,
   |                 ^^^^^^^^^^^^^^^^^^^^^^^^^^^ help: use the applicable keyword: `Self`

error: unnecessary structure name repetition
  --> $DIR/use_self.rs:604:17
   |
LL |             let Foo(x) = self;
   |                 ^^^ help: use the applicable keyword: `Self`

error: unnecessary structure name repetition
  --> $DIR/use_self.rs:609:17
   |
LL |             let crate::issue8845::Foo(x) = self;
   |                 ^^^^^^^^^^^^^^^^^^^^^ help: use the applicable keyword: `Self`

error: unnecessary structure name repetition
  --> $DIR/use_self.rs:616:17
   |
LL |             let Bar { x, .. } = self;
   |                 ^^^ help: use the applicable keyword: `Self`

error: unnecessary structure name repetition
  --> $DIR/use_self.rs:621:17
   |
LL |             let crate::issue8845::Bar { x, .. } = self;
   |                 ^^^^^^^^^^^^^^^^^^^^^ help: use the applicable keyword: `Self`

error: unnecessary structure name repetition
  --> $DIR/use_self.rs:660:17
   |
LL |                 E::A => {},
   |                 ^ help: use the applicable keyword: `Self`

error: aborting due to 42 previous errors

