error: unknown field name
  --> $DIR/tests/ui-toml/toml_unknown_key/clippy.toml:2:1
   |
LL | foobar = 42
   | ^^^^^^
   |
   = note: possible values:
           absolute-paths-allowed-crates                   enum-variant-name-threshold
           absolute-paths-max-segments                     enum-variant-size-threshold
           accept-comment-above-attributes                 excessive-nesting-threshold
           accept-comment-above-statement                  future-size-threshold
           allow-comparison-to-zero                        ignore-interior-mutability
           allow-dbg-in-tests                              large-error-threshold
           allow-expect-in-consts                          lint-commented-code
           allow-expect-in-tests                           lint-inconsistent-struct-field-initializers
           allow-indexing-slicing-in-tests                 literal-representation-threshold
           allow-mixed-uninlined-format-args               matches-for-let-else
           allow-one-hash-in-raw-strings                   max-fn-params-bools
           allow-panic-in-tests                            max-include-file-size
           allow-print-in-tests                            max-struct-bools
           allow-private-module-inception                  max-suggested-slice-pattern-length
           allow-renamed-params-for                        max-trait-bounds
           allow-unwrap-in-consts                          min-ident-chars-threshold
           allow-unwrap-in-tests                           missing-docs-in-crate-items
           allow-useless-vec-in-tests                      module-item-order-groupings
           allowed-dotfiles                                module-items-ordered-within-groupings
           allowed-duplicate-crates                        msrv
           allowed-idents-below-min-chars                  pass-by-value-size-limit
           allowed-prefixes                                pub-underscore-fields-behavior
           allowed-scripts                                 semicolon-inside-block-ignore-singleline
           allowed-wildcard-imports                        semicolon-outside-block-ignore-multiline
           arithmetic-side-effects-allowed                 single-char-binding-names-threshold
           arithmetic-side-effects-allowed-binary          source-item-ordering
           arithmetic-side-effects-allowed-unary           stack-size-threshold
           array-size-threshold                            standard-macro-braces
           avoid-breaking-exported-api                     struct-field-name-threshold
           await-holding-invalid-types                     suppress-restriction-lint-in-const
           blacklisted-names                               too-large-for-stack
           cargo-ignore-publish                            too-many-arguments-threshold
           check-incompatible-msrv-in-tests                too-many-lines-threshold
           check-inconsistent-struct-field-initializers    trait-assoc-item-kinds-order
           check-private-items                             trivial-copy-size-limit
           cognitive-complexity-threshold                  type-complexity-threshold
           cyclomatic-complexity-threshold                 unnecessary-box-size
           disallowed-macros                               unreadable-literal-lint-fractions
           disallowed-methods                              upper-case-acronyms-aggressive
           disallowed-names                                vec-box-size-threshold
           disallowed-types                                verbose-bit-mask-threshold
           doc-valid-idents                                warn-on-all-wildcard-imports
           enable-raw-pointer-heuristic-for-send           warn-unsafe-macro-metavars-in-private-macros
           enforce-iter-loop-reborrow                      third-party
           enforced-import-renames

error: unknown field name
  --> $DIR/tests/ui-toml/toml_unknown_key/clippy.toml:4:1
   |
LL | barfoo = 53
   | ^^^^^^

error: unknown field name
  --> $DIR/tests/ui-toml/toml_unknown_key/clippy.toml:7:1
   |
LL | allow_mixed_uninlined_format_args = true
   | ^^^^^^^^^^^^^^^^^^^^^^^^^^^^^^^^^ help: did you mean: `allow-mixed-uninlined-format-args`

error: aborting due to 3 previous errors

